Archive member included to satisfy reference by file (symbol)

app/libapp.a(main.c.obj)      (--whole-archive)
zephyr/libzephyr.a(cbprintf_packaged.c.obj)
                              (--whole-archive)
zephyr/libzephyr.a(dec.c.obj)
                              (--whole-archive)
zephyr/libzephyr.a(fdtable.c.obj)
                              (--whole-archive)
zephyr/libzephyr.a(hex.c.obj)
                              (--whole-archive)
zephyr/libzephyr.a(printk.c.obj)
                              (--whole-archive)
zephyr/libzephyr.a(rb.c.obj)  (--whole-archive)
zephyr/libzephyr.a(sem.c.obj)
                              (--whole-archive)
zephyr/libzephyr.a(thread_entry.c.obj)
                              (--whole-archive)
zephyr/libzephyr.a(timeutil.c.obj)
                              (--whole-archive)
zephyr/libzephyr.a(heap.c.obj)
                              (--whole-archive)
zephyr/libzephyr.a(heap-validate.c.obj)
                              (--whole-archive)
zephyr/libzephyr.a(bitarray.c.obj)
                              (--whole-archive)
zephyr/libzephyr.a(multi_heap.c.obj)
                              (--whole-archive)
zephyr/libzephyr.a(onoff.c.obj)
                              (--whole-archive)
zephyr/libzephyr.a(notify.c.obj)
                              (--whole-archive)
zephyr/libzephyr.a(crc32c_sw.c.obj)
                              (--whole-archive)
zephyr/libzephyr.a(crc32_sw.c.obj)
                              (--whole-archive)
zephyr/libzephyr.a(crc16_sw.c.obj)
                              (--whole-archive)
zephyr/libzephyr.a(crc8_sw.c.obj)
                              (--whole-archive)
zephyr/libzephyr.a(crc7_sw.c.obj)
                              (--whole-archive)
zephyr/libzephyr.a(cbprintf_complete.c.obj)
                              (--whole-archive)
zephyr/libzephyr.a(cbprintf.c.obj)
                              (--whole-archive)
zephyr/libzephyr.a(assert.c.obj)
                              (--whole-archive)
zephyr/libzephyr.a(reboot.c.obj)
                              (--whole-archive)
zephyr/libzephyr.a(configs.c.obj)
                              (--whole-archive)
zephyr/libzephyr.a(soc_nrf_common.S.obj)
                              (--whole-archive)
zephyr/libzephyr.a(validate_base_addresses.c.obj)
                              (--whole-archive)
zephyr/libzephyr.a(validate_enabled_instances.c.obj)
                              (--whole-archive)
zephyr/libzephyr.a(pm.c.obj)  (--whole-archive)
zephyr/libzephyr.a(policy.c.obj)
                              (--whole-archive)
zephyr/libzephyr.a(state.c.obj)
                              (--whole-archive)
zephyr/libzephyr.a(tracing_none.c.obj)
                              (--whole-archive)
zephyr/libzephyr.a(nrf_cc3xx_platform_abort_zephyr.c.obj)
                              (--whole-archive)
zephyr/libzephyr.a(nrf_cc3xx_platform_mutex_zephyr.c.obj)
                              (--whole-archive)
zephyr/arch/common/libarch__common.a(sw_isr_common.c.obj)
                              (--whole-archive)
zephyr/arch/arch/arm/core/aarch32/libarch__arm__core__aarch32.a(cpu_idle.S.obj)
                              (--whole-archive)
zephyr/arch/arch/arm/core/aarch32/libarch__arm__core__aarch32.a(fatal.c.obj)
                              (--whole-archive)
zephyr/arch/arch/arm/core/aarch32/libarch__arm__core__aarch32.a(irq_manage.c.obj)
                              (--whole-archive)
zephyr/arch/arch/arm/core/aarch32/libarch__arm__core__aarch32.a(nmi.c.obj)
                              (--whole-archive)
zephyr/arch/arch/arm/core/aarch32/libarch__arm__core__aarch32.a(nmi_on_reset.S.obj)
                              (--whole-archive)
zephyr/arch/arch/arm/core/aarch32/libarch__arm__core__aarch32.a(prep_c.c.obj)
                              (--whole-archive)
zephyr/arch/arch/arm/core/aarch32/libarch__arm__core__aarch32.a(swap.c.obj)
                              (--whole-archive)
zephyr/arch/arch/arm/core/aarch32/libarch__arm__core__aarch32.a(swap_helper.S.obj)
                              (--whole-archive)
zephyr/arch/arch/arm/core/aarch32/libarch__arm__core__aarch32.a(thread.c.obj)
                              (--whole-archive)
zephyr/arch/arch/arm/core/aarch32/libarch__arm__core__aarch32.a(isr_wrapper.S.obj)
                              (--whole-archive)
zephyr/arch/arch/arm/core/aarch32/cortex_m/libarch__arm__core__aarch32__cortex_m.a(exc_exit.S.obj)
                              (--whole-archive)
zephyr/arch/arch/arm/core/aarch32/cortex_m/libarch__arm__core__aarch32__cortex_m.a(fault.c.obj)
                              (--whole-archive)
zephyr/arch/arch/arm/core/aarch32/cortex_m/libarch__arm__core__aarch32__cortex_m.a(fault_s.S.obj)
                              (--whole-archive)
zephyr/arch/arch/arm/core/aarch32/cortex_m/libarch__arm__core__aarch32__cortex_m.a(fpu.c.obj)
                              (--whole-archive)
[...]
Memory Configuration

Name             Origin             Length             Attributes
FLASH            0x0000000000010000 0x00000000000e8000 xr
RAM              0x0000000020000000 0x0000000000040000 xw
IDT_LIST         0x00000000fffff7ff 0x0000000000000800 xw
*default*        0x0000000000000000 0xffffffffffffffff

Linker script and memory map

LOAD zephyr/CMakeFiles/zephyr_pre1.dir/misc/empty_file.c.obj
LOAD zephyr/CMakeFiles/zephyr_pre1.dir/dev_handles.c.obj
                0x0000000000000020                _region_min_align = 0x20

.rel.plt        0x0000000000010000        0x0
 *(SORT_BY_ALIGNMENT(.rel.plt))
                [!provide]                        PROVIDE (__rel_iplt_start = .)
 *(SORT_BY_ALIGNMENT(.rel.iplt))
 .rel.iplt      0x0000000000010000        0x0 app/libapp.a(main.c.obj)
                [!provide]                        PROVIDE (__rel_iplt_end = .)

.rela.plt       0x0000000000000000        0x0
 *(SORT_BY_ALIGNMENT(.rela.plt))
                [!provide]                        PROVIDE (__rela_iplt_start = .)
 *(SORT_BY_ALIGNMENT(.rela.iplt))
                [!provide]                        PROVIDE (__rela_iplt_end = .)

.rel.dyn
 *(SORT_BY_ALIGNMENT(.rel.*))

.rela.dyn
 *(SORT_BY_ALIGNMENT(.rela.*))

/DISCARD/
 *(SORT_BY_ALIGNMENT(.plt))

/DISCARD/
 *(SORT_BY_ALIGNMENT(.iplt))
                0x0000000000010000                __rom_region_start = 0x10000

rom_start       0x0000000000010000      0x100
                0x0000000000000000                . = 0x0
                0x0000000000000000                . = ALIGN (0x4)
                0x0000000000000000                . = ALIGN (0x80)
                0x0000000000000000                . = ALIGN (0x100)
                0x0000000000010000                _vector_start = .
 *(SORT_BY_ALIGNMENT(.exc_vector_table))
 *(SORT_BY_ALIGNMENT(.exc_vector_table.*))
 .exc_vector_table._vector_table_section
                0x0000000000010000       0x40 zephyr/arch/arch/arm/core/aarch32/cortex_m/libarch__arm__core__aarch32__cortex_m.a(vector_table.S.obj)
                0x0000000000010000                _vector_table
 *(SORT_BY_ALIGNMENT(.vectors))
                0x0000000000010100                _vector_end = .
                0x0000000000010040                . = ALIGN (0x4)
 *(SORT_BY_ALIGNMENT(.gnu.linkonce.irq_vector_table*))
 .gnu.linkonce.irq_vector_table
                0x0000000000010040       0xc0 zephyr/arch/common/libisr_tables.a(isr_tables.c.obj)
                0x0000000000010040                _irq_vector_table
                0x0000000000010100                _vector_end = .

text            0x0000000000010100     0x4eac
                0x0000000000010100                __text_region_start = .
 *(SORT_BY_ALIGNMENT(.text))
 .text          0x0000000000010100       0x30 d:/nrf/nsc/toolchains/31f4403e35/opt/zephyr-sdk/arm-zephyr-eabi/bin/../lib/gcc/arm-zephyr-eabi/12.2.0/thumb/v7e-m/nofp\libgcc.a(_aeabi_uldivmod.o)
                0x0000000000010100                __aeabi_uldivmod
 .text          0x0000000000010130        0x4 d:/nrf/nsc/toolchains/31f4403e35/opt/zephyr-sdk/arm-zephyr-eabi/bin/../lib/gcc/arm-zephyr-eabi/12.2.0/thumb/v7e-m/nofp\libgcc.a(_dvmd_tls.o)
                0x0000000000010130                __aeabi_idiv0
                0x0000000000010130                __aeabi_ldiv0
 .text          0x0000000000010134      0x2a0 d:/nrf/nsc/toolchains/31f4403e35/opt/zephyr-sdk/arm-zephyr-eabi/bin/../lib/gcc/arm-zephyr-eabi/12.2.0/thumb/v7e-m/nofp\libgcc.a(_udivmoddi4.o)
                0x0000000000010134                __udivmoddi4
 *(SORT_BY_ALIGNMENT(.text.*))
 .text.main     0x00000000000103d4       0x18 app/libapp.a(main.c.obj)
                0x00000000000103d4                main
 .text.char_out
                0x00000000000103ec        0xc zephyr/libzephyr.a(printk.c.obj)
 .text.__printk_hook_install
                0x00000000000103f8        0xc zephyr/libzephyr.a(printk.c.obj)
                0x00000000000103f8                __printk_hook_install
 .text.vprintk  0x0000000000010404       0x1c zephyr/libzephyr.a(printk.c.obj)
                0x0000000000010404                vprintk
 .text.process_event
                0x0000000000010420      0x21c zephyr/libzephyr.a(onoff.c.obj)
 .text.z_cbvprintf_impl
                0x000000000001063c      0x764 zephyr/libzephyr.a(cbprintf_complete.c.obj)
                0x000000000001063c                z_cbvprintf_impl
 .text.sys_reboot
                0x0000000000010da0       0x30 zephyr/libzephyr.a(reboot.c.obj)
                0x0000000000010da0                sys_reboot
 .text.z_arm_platform_init
                0x0000000000010dd0        0x4 zephyr/libzephyr.a(soc_nrf_common.S.obj)
                0x0000000000010dd0                z_arm_platform_init
 .text.pm_state_notify
                0x0000000000010dd4       0x5c zephyr/libzephyr.a(pm.c.obj)
 .text.pm_system_resume
                0x0000000000010e30       0x78 zephyr/libzephyr.a(pm.c.obj)
                0x0000000000010e30                pm_system_resume
 .text.pm_system_suspend
                0x0000000000010ea8       0xf8 zephyr/libzephyr.a(pm.c.obj)
                0x0000000000010ea8                pm_system_suspend
 .text.pm_policy_next_state
                0x0000000000010fa0       0x94 zephyr/libzephyr.a(policy.c.obj)
                0x0000000000010fa0                pm_policy_next_state
 .text.pm_state_cpu_get_all
                0x0000000000011034       0x10 zephyr/libzephyr.a(state.c.obj)
                0x0000000000011034                pm_state_cpu_get_all
 .text.nrf_cc3xx_platform_abort_init
                0x0000000000011044        0xc zephyr/libzephyr.a(nrf_cc3xx_platform_abort_zephyr.c.obj)
                0x0000000000011044                nrf_cc3xx_platform_abort_init
 .text.mutex_free_platform
                0x0000000000011050       0x54 zephyr/libzephyr.a(nrf_cc3xx_platform_mutex_zephyr.c.obj)
 .text.mutex_lock_platform
                0x00000000000110a4       0x60 zephyr/libzephyr.a(nrf_cc3xx_platform_mutex_zephyr.c.obj)
 .text.mutex_unlock_platform
                0x0000000000011104       0x58 zephyr/libzephyr.a(nrf_cc3xx_platform_mutex_zephyr.c.obj)
 .text.mutex_init_platform
                0x000000000001115c       0x94 zephyr/libzephyr.a(nrf_cc3xx_platform_mutex_zephyr.c.obj)
 .text.nrf_cc3xx_platform_mutex_init
                0x00000000000111f0       0x2c zephyr/libzephyr.a(nrf_cc3xx_platform_mutex_zephyr.c.obj)
                0x00000000000111f0                nrf_cc3xx_platform_mutex_init
 .text.z_arm_cpu_idle_init
                0x000000000001121c        0xc zephyr/arch/arch/arm/core/aarch32/libarch__arm__core__aarch32.a(cpu_idle.S.obj)
                0x000000000001121c                z_arm_cpu_idle_init
 .text.arch_cpu_idle
                0x0000000000011228       0x1c zephyr/arch/arch/arm/core/aarch32/libarch__arm__core__aarch32.a(cpu_idle.S.obj)
                0x0000000000011228                arch_cpu_idle
 .text.arch_cpu_atomic_idle
                0x0000000000011244       0x18 zephyr/arch/arch/arm/core/aarch32/libarch__arm__core__aarch32.a(cpu_idle.S.obj)
                0x0000000000011244                arch_cpu_atomic_idle
 .text.arch_irq_enable
                0x000000000001125c       0x1c zephyr/arch/arch/arm/core/aarch32/libarch__arm__core__aarch32.a(irq_manage.c.obj)
                0x000000000001125c                arch_irq_enable
 .text.arch_irq_disable
                0x0000000000011278       0x28 zephyr/arch/arch/arm/core/aarch32/libarch__arm__core__aarch32.a(irq_manage.c.obj)
                0x0000000000011278                arch_irq_disable
 .text.arch_irq_is_enabled
                0x00000000000112a0       0x1c zephyr/arch/arch/arm/core/aarch32/libarch__arm__core__aarch32.a(irq_manage.c.obj)
                0x00000000000112a0                arch_irq_is_enabled
 .text.z_arm_irq_priority_set
                0x00000000000112bc       0x30 zephyr/arch/arch/arm/core/aarch32/libarch__arm__core__aarch32.a(irq_manage.c.obj)
                0x00000000000112bc                z_arm_irq_priority_set
 .text.z_SysNmiOnReset
                0x00000000000112ec        0x8 zephyr/arch/arch/arm/core/aarch32/libarch__arm__core__aarch32.a(nmi_on_reset.S.obj)
                0x00000000000112ec                z_SysNmiOnReset
 .text.z_arm_prep_c
                0x00000000000112f4       0x38 zephyr/arch/arch/arm/core/aarch32/libarch__arm__core__aarch32.a(prep_c.c.obj)
                0x00000000000112f4                z_arm_prep_c
 .text.arch_swap
                0x000000000001132c       0x34 zephyr/arch/arch/arm/core/aarch32/libarch__arm__core__aarch32.a(swap.c.obj)
                0x000000000001132c                arch_swap
 .text.z_arm_pendsv
                0x0000000000011360       0x54 zephyr/arch/arch/arm/core/aarch32/libarch__arm__core__aarch32.a(swap_helper.S.obj)
                0x0000000000011360                z_arm_pendsv
 .text.z_arm_svc
                0x00000000000113b4       0x20 zephyr/arch/arch/arm/core/aarch32/libarch__arm__core__aarch32.a(swap_helper.S.obj)
                0x00000000000113b4                z_arm_svc
 .text.arch_new_thread
                0x00000000000113d4       0x38 zephyr/arch/arch/arm/core/aarch32/libarch__arm__core__aarch32.a(thread.c.obj)
                0x00000000000113d4                arch_new_thread
 .text.z_check_thread_stack_fail
                0x000000000001140c       0x2c zephyr/arch/arch/arm/core/aarch32/libarch__arm__core__aarch32.a(thread.c.obj)
                0x000000000001140c                z_check_thread_stack_fail
 .text.arch_switch_to_main_thread
                0x0000000000011438       0x2c zephyr/arch/arch/arm/core/aarch32/libarch__arm__core__aarch32.a(thread.c.obj)
                0x0000000000011438                arch_switch_to_main_thread
 .text._isr_wrapper
                0x0000000000011464       0x40 zephyr/arch/arch/arm/core/aarch32/libarch__arm__core__aarch32.a(isr_wrapper.S.obj)
                0x0000000000011464                _isr_wrapper
 .text._HandlerModeExit
                0x00000000000114a4       0x1c zephyr/arch/arch/arm/core/aarch32/cortex_m/libarch__arm__core__aarch32__cortex_m.a(exc_exit.S.obj)
                0x00000000000114a4                z_arm_int_exit
                0x00000000000114a4                z_arm_exc_exit
 .text.mem_manage_fault
                0x00000000000114c0       0xa0 zephyr/arch/arch/arm/core/aarch32/cortex_m/libarch__arm__core__aarch32__cortex_m.a(fault.c.obj)
 .text.usage_fault.constprop.0
                0x0000000000011560       0x54 zephyr/arch/arch/arm/core/aarch32/cortex_m/libarch__arm__core__aarch32__cortex_m.a(fault.c.obj)
 .text.bus_fault.constprop.0
                0x00000000000115b4       0x6c zephyr/arch/arch/arm/core/aarch32/cortex_m/libarch__arm__core__aarch32__cortex_m.a(fault.c.obj)
 .text.z_arm_fault
                0x0000000000011620      0x11c zephyr/arch/arch/arm/core/aarch32/cortex_m/libarch__arm__core__aarch32__cortex_m.a(fault.c.obj)
                0x0000000000011620                z_arm_fault
 .text.z_arm_fault_init
                0x000000000001173c       0x10 zephyr/arch/arch/arm/core/aarch32/cortex_m/libarch__arm__core__aarch32__cortex_m.a(fault.c.obj)
                0x000000000001173c                z_arm_fault_init
 .text.__fault  0x000000000001174c       0x14 zephyr/arch/arch/arm/core/aarch32/cortex_m/libarch__arm__core__aarch32__cortex_m.a(fault_s.S.obj)
                0x000000000001174c                z_arm_usage_fault
                0x000000000001174c                z_arm_mpu_fault
                0x000000000001174c                z_arm_exc_spurious
                0x000000000001174c                z_arm_debug_monitor
                0x000000000001174c                z_arm_hard_fault
                0x000000000001174c                z_arm_bus_fault
 .text.z_arm_interrupt_init
                0x0000000000011760       0x18 zephyr/arch/arch/arm/core/aarch32/cortex_m/libarch__arm__core__aarch32__cortex_m.a(irq_init.c.obj)
                0x0000000000011760                z_arm_interrupt_init
 .text._reset_section
                0x0000000000011778       0x54 zephyr/arch/arch/arm/core/aarch32/cortex_m/libarch__arm__core__aarch32__cortex_m.a(reset.S.obj)
                0x0000000000011778                __start
                0x0000000000011778                z_arm_reset
 .text.z_arm_clear_arm_mpu_config
                0x00000000000117cc       0x24 zephyr/arch/arch/arm/core/aarch32/cortex_m/libarch__arm__core__aarch32__cortex_m.a(scb.c.obj)
                0x00000000000117cc                z_arm_clear_arm_mpu_config
 .text.z_arm_init_arch_hw_at_boot
                0x00000000000117f0       0x64 zephyr/arch/arch/arm/core/aarch32/cortex_m/libarch__arm__core__aarch32__cortex_m.a(scb.c.obj)
                0x00000000000117f0                z_arm_init_arch_hw_at_boot
 .text.z_impl_k_thread_abort
                0x0000000000011854       0x2c zephyr/arch/arch/arm/core/aarch32/cortex_m/libarch__arm__core__aarch32__cortex_m.a(thread_abort.c.obj)
                0x0000000000011854                z_impl_k_thread_abort
 .text.z_arm_configure_static_mpu_regions
                0x0000000000011880       0x18 zephyr/arch/arch/arm/core/aarch32/mpu/libarch__arm__core__aarch32__mpu.a(arm_core_mpu.c.obj)
                0x0000000000011880                z_arm_configure_static_mpu_regions
 .text.z_arm_configure_dynamic_mpu_regions
                0x0000000000011898       0x20 zephyr/arch/arch/arm/core/aarch32/mpu/libarch__arm__core__aarch32__mpu.a(arm_core_mpu.c.obj)
                0x0000000000011898                z_arm_configure_dynamic_mpu_regions
 .text.mpu_configure_regions
                0x00000000000118b8       0x88 zephyr/arch/arch/arm/core/aarch32/mpu/libarch__arm__core__aarch32__mpu.a(arm_mpu.c.obj)
 .text.arm_core_mpu_enable
                0x0000000000011940       0x18 zephyr/arch/arch/arm/core/aarch32/mpu/libarch__arm__core__aarch32__mpu.a(arm_mpu.c.obj)
                0x0000000000011940                arm_core_mpu_enable
 .text.arm_core_mpu_disable
                0x0000000000011958       0x14 zephyr/arch/arch/arm/core/aarch32/mpu/libarch__arm__core__aarch32__mpu.a(arm_mpu.c.obj)
                0x0000000000011958                arm_core_mpu_disable
 .text.arm_core_mpu_configure_static_mpu_regions
                0x000000000001196c       0x14 zephyr/arch/arch/arm/core/aarch32/mpu/libarch__arm__core__aarch32__mpu.a(arm_mpu.c.obj)
                0x000000000001196c                arm_core_mpu_configure_static_mpu_regions
 .text.arm_core_mpu_configure_dynamic_mpu_regions
                0x0000000000011980       0x30 zephyr/arch/arch/arm/core/aarch32/mpu/libarch__arm__core__aarch32__mpu.a(arm_mpu.c.obj)
                0x0000000000011980                arm_core_mpu_configure_dynamic_mpu_regions
 .text.z_arm_mpu_init
                0x00000000000119b0       0x60 zephyr/arch/arch/arm/core/aarch32/mpu/libarch__arm__core__aarch32__mpu.a(arm_mpu.c.obj)
                0x00000000000119b0                z_arm_mpu_init
 .text.__stdout_hook_install
                0x0000000000011a10        0xc zephyr/lib/libc/minimal/liblib__libc__minimal.a(stdout_console.c.obj)
                0x0000000000011a10                __stdout_hook_install
 .text.nordicsemi_nrf52_init
                0x0000000000011a1c       0x28 zephyr/soc/arm/nordic_nrf/nrf52/libsoc__arm__nordic_nrf__nrf52.a(soc.c.obj)
 .text.sys_arch_reboot
                0x0000000000011a44       0x2c zephyr/soc/arm/nordic_nrf/nrf52/libsoc__arm__nordic_nrf__nrf52.a(soc.c.obj)
                0x0000000000011a44                sys_arch_reboot
 .text.arch_busy_wait
                0x0000000000011a70       0x14 zephyr/soc/arm/nordic_nrf/nrf52/libsoc__arm__nordic_nrf__nrf52.a(soc.c.obj)
                0x0000000000011a70                arch_busy_wait
 .text.board_init
                0x0000000000011a84       0x44 zephyr/boards/boards/arm/arduino_nano_33_ble/libboards__arm__arduino_nano_33_ble.a(board.c.obj)
 .text.onoff_stop
                0x0000000000011ac8       0x30 zephyr/drivers/clock_control/libdrivers__clock_control.a(clock_control_nrf.c.obj)
 .text.onoff_start
                0x0000000000011af8       0x44 zephyr/drivers/clock_control/libdrivers__clock_control.a(clock_control_nrf.c.obj)
 .text.clk_init
                0x0000000000011b3c       0x58 zephyr/drivers/clock_control/libdrivers__clock_control.a(clock_control_nrf.c.obj)
 .text.clkstarted_handle.constprop.0
                0x0000000000011b94       0x34 zephyr/drivers/clock_control/libdrivers__clock_control.a(clock_control_nrf.c.obj)
 .text.clock_event_handler
                0x0000000000011bc8       0x1c zephyr/drivers/clock_control/libdrivers__clock_control.a(clock_control_nrf.c.obj)
 .text.generic_hfclk_start
                0x0000000000011be4       0x64 zephyr/drivers/clock_control/libdrivers__clock_control.a(clock_control_nrf.c.obj)
 .text.api_blocking_start
                0x0000000000011c48       0x34 zephyr/drivers/clock_control/libdrivers__clock_control.a(clock_control_nrf.c.obj)
 .text.generic_hfclk_stop
                0x0000000000011c7c       0x34 zephyr/drivers/clock_control/libdrivers__clock_control.a(clock_control_nrf.c.obj)
 .text.z_nrf_clock_control_lf_on
                0x0000000000011cb0       0xfc zephyr/drivers/clock_control/libdrivers__clock_control.a(clock_control_nrf.c.obj)
                0x0000000000011cb0                z_nrf_clock_control_lf_on
 .text.uart_console_init
                0x0000000000011dac       0x28 zephyr/drivers/console/libdrivers__console.a(uart_console.c.obj)
 .text.console_out
                0x0000000000011dd4       0x28 zephyr/drivers/console/libdrivers__console.a(uart_console.c.obj)
 .text.gpio_nrfx_pin_interrupt_configure
                0x0000000000011dfc       0xd4 zephyr/drivers/gpio/libdrivers__gpio.a(gpio_nrfx.c.obj)
 .text.gpio_nrfx_init
                0x0000000000011ed0       0x38 zephyr/drivers/gpio/libdrivers__gpio.a(gpio_nrfx.c.obj)
 .text.nrfx_gpio_handler
                0x0000000000011f08       0x4c zephyr/drivers/gpio/libdrivers__gpio.a(gpio_nrfx.c.obj)
 .text.gpio_nrfx_pin_configure
                0x0000000000011f54      0x128 zephyr/drivers/gpio/libdrivers__gpio.a(gpio_nrfx.c.obj)
 .text.pinctrl_configure_pins
                0x000000000001207c      0x140 zephyr/drivers/pinctrl/libdrivers__pinctrl.a(pinctrl_nrf.c.obj)
                0x000000000001207c                pinctrl_configure_pins
 .text.uart_nrfx_poll_in
                0x00000000000121bc       0x24 zephyr/drivers/serial/libdrivers__serial.a(uart_nrfx_uart.c.obj)
 .text.uart_nrfx_err_check
                0x00000000000121e0       0x10 zephyr/drivers/serial/libdrivers__serial.a(uart_nrfx_uart.c.obj)
 .text.uart_nrfx_configure
                0x00000000000121f0      0x168 zephyr/drivers/serial/libdrivers__serial.a(uart_nrfx_uart.c.obj)
 .text.uart_nrfx_poll_out
                0x0000000000012358       0x7c zephyr/drivers/serial/libdrivers__serial.a(uart_nrfx_uart.c.obj)
 .text.uart_nrfx_init
                0x00000000000123d4       0x54 zephyr/drivers/serial/libdrivers__serial.a(uart_nrfx_uart.c.obj)
 .text.compare_int_lock
                0x0000000000012428       0x48 zephyr/drivers/timer/libdrivers__timer.a(nrf_rtc_timer.c.obj)
 .text.sys_clock_timeout_handler
                0x0000000000012470       0x48 zephyr/drivers/timer/libdrivers__timer.a(nrf_rtc_timer.c.obj)
 .text.compare_int_unlock
                0x00000000000124b8       0x5c zephyr/drivers/timer/libdrivers__timer.a(nrf_rtc_timer.c.obj)
 .text.z_nrf_rtc_timer_read
                0x0000000000012514       0x44 zephyr/drivers/timer/libdrivers__timer.a(nrf_rtc_timer.c.obj)
                0x0000000000012514                z_nrf_rtc_timer_read
 .text.compare_set
                0x0000000000012558      0x11c zephyr/drivers/timer/libdrivers__timer.a(nrf_rtc_timer.c.obj)
 .text.sys_clock_driver_init
                0x0000000000012674       0x8c zephyr/drivers/timer/libdrivers__timer.a(nrf_rtc_timer.c.obj)
 .text.rtc_nrf_isr
                0x0000000000012700       0xd4 zephyr/drivers/timer/libdrivers__timer.a(nrf_rtc_timer.c.obj)
                0x0000000000012700                rtc_nrf_isr
 .text.sys_clock_set_timeout
                0x00000000000127d4       0x64 zephyr/drivers/timer/libdrivers__timer.a(nrf_rtc_timer.c.obj)
                0x00000000000127d4                sys_clock_set_timeout
 .text.sys_clock_elapsed
                0x0000000000012838       0x14 zephyr/drivers/timer/libdrivers__timer.a(nrf_rtc_timer.c.obj)
                0x0000000000012838                sys_clock_elapsed
 .text.sys_clock_disable
                0x000000000001284c       0x30 zephyr/drivers/timer/libdrivers__timer.a(nrf_rtc_timer.c.obj)
                0x000000000001284c                sys_clock_disable
 .text.nrf52_errata_98
                0x000000000001287c       0x24 modules/hal_nordic/nrfx/libmodules__hal_nordic__nrfx.a(system_nrf52840.c.obj)
 .text.nvmc_wait
                0x00000000000128a0       0x10 modules/hal_nordic/nrfx/libmodules__hal_nordic__nrfx.a(system_nrf52840.c.obj)
                0x00000000000128a0                nvmc_wait
 .text.SystemInit
                0x00000000000128b0      0x1bc modules/hal_nordic/nrfx/libmodules__hal_nordic__nrfx.a(system_nrf52840.c.obj)
                0x00000000000128b0                SystemInit
 .text.nrfx_flag32_alloc
                0x0000000000012a6c       0x40 modules/hal_nordic/nrfx/libmodules__hal_nordic__nrfx.a(nrfx_flag32_allocator.c.obj)
                0x0000000000012a6c                nrfx_flag32_alloc
 .text.nrfx_flag32_free
                0x0000000000012aac       0x40 modules/hal_nordic/nrfx/libmodules__hal_nordic__nrfx.a(nrfx_flag32_allocator.c.obj)
                0x0000000000012aac                nrfx_flag32_free
 .text.clock_stop
                0x0000000000012aec       0xc8 modules/hal_nordic/nrfx/libmodules__hal_nordic__nrfx.a(nrfx_clock.c.obj)
 .text.nrfx_clock_init
                0x0000000000012bb4       0x20 modules/hal_nordic/nrfx/libmodules__hal_nordic__nrfx.a(nrfx_clock.c.obj)
                0x0000000000012bb4                nrfx_clock_init
 .text.nrfx_power_clock_irq_handler
                0x0000000000012bd4       0x68 modules/hal_nordic/nrfx/libmodules__hal_nordic__nrfx.a(nrfx_clock.c.obj)
                0x0000000000012bd4                nrfx_power_clock_irq_handler
 .text.nrf_gpio_pin_port_decode
                0x0000000000012c3c       0x1c modules/hal_nordic/nrfx/libmodules__hal_nordic__nrfx.a(nrfx_gpiote.c.obj)
 .text.pin_in_use_by_te
                0x0000000000012c58       0x14 modules/hal_nordic/nrfx/libmodules__hal_nordic__nrfx.a(nrfx_gpiote.c.obj)
 .text.call_handler
                0x0000000000012c6c       0x3c modules/hal_nordic/nrfx/libmodules__hal_nordic__nrfx.a(nrfx_gpiote.c.obj)
 .text.release_handler
                0x0000000000012ca8       0x54 modules/hal_nordic/nrfx/libmodules__hal_nordic__nrfx.a(nrfx_gpiote.c.obj)
 .text.pin_handler_trigger_uninit
                0x0000000000012cfc       0x38 modules/hal_nordic/nrfx/libmodules__hal_nordic__nrfx.a(nrfx_gpiote.c.obj)
 .text.nrfx_gpiote_input_configure
                0x0000000000012d34      0x15c modules/hal_nordic/nrfx/libmodules__hal_nordic__nrfx.a(nrfx_gpiote.c.obj)
                0x0000000000012d34                nrfx_gpiote_input_configure
 .text.nrfx_gpiote_output_configure
                0x0000000000012e90       0xe4 modules/hal_nordic/nrfx/libmodules__hal_nordic__nrfx.a(nrfx_gpiote.c.obj)
                0x0000000000012e90                nrfx_gpiote_output_configure
 .text.nrfx_gpiote_global_callback_set
                0x0000000000012f74        0xc modules/hal_nordic/nrfx/libmodules__hal_nordic__nrfx.a(nrfx_gpiote.c.obj)
                0x0000000000012f74                nrfx_gpiote_global_callback_set
 .text.nrfx_gpiote_channel_get
                0x0000000000012f80       0x2c modules/hal_nordic/nrfx/libmodules__hal_nordic__nrfx.a(nrfx_gpiote.c.obj)
                0x0000000000012f80                nrfx_gpiote_channel_get
 .text.nrfx_gpiote_init
                0x0000000000012fac       0x50 modules/hal_nordic/nrfx/libmodules__hal_nordic__nrfx.a(nrfx_gpiote.c.obj)
                0x0000000000012fac                nrfx_gpiote_init
 .text.nrfx_gpiote_is_init
                0x0000000000012ffc       0x14 modules/hal_nordic/nrfx/libmodules__hal_nordic__nrfx.a(nrfx_gpiote.c.obj)
                0x0000000000012ffc                nrfx_gpiote_is_init
 .text.nrfx_gpiote_channel_free
                0x0000000000013010        0xc modules/hal_nordic/nrfx/libmodules__hal_nordic__nrfx.a(nrfx_gpiote.c.obj)
                0x0000000000013010                nrfx_gpiote_channel_free
 .text.nrfx_gpiote_channel_alloc
                0x000000000001301c        0xc modules/hal_nordic/nrfx/libmodules__hal_nordic__nrfx.a(nrfx_gpiote.c.obj)
                0x000000000001301c                nrfx_gpiote_channel_alloc
 .text.nrfx_gpiote_trigger_enable
                0x0000000000013028       0x90 modules/hal_nordic/nrfx/libmodules__hal_nordic__nrfx.a(nrfx_gpiote.c.obj)
                0x0000000000013028                nrfx_gpiote_trigger_enable
 .text.nrfx_gpiote_trigger_disable
                0x00000000000130b8       0x50 modules/hal_nordic/nrfx/libmodules__hal_nordic__nrfx.a(nrfx_gpiote.c.obj)
                0x00000000000130b8                nrfx_gpiote_trigger_disable
 .text.nrfx_gpiote_pin_uninit
                0x0000000000013108       0x48 modules/hal_nordic/nrfx/libmodules__hal_nordic__nrfx.a(nrfx_gpiote.c.obj)
                0x0000000000013108                nrfx_gpiote_pin_uninit
 .text.nrfx_gpiote_irq_handler
                0x0000000000013150      0x1bc modules/hal_nordic/nrfx/libmodules__hal_nordic__nrfx.a(nrfx_gpiote.c.obj)
                0x0000000000013150                nrfx_gpiote_irq_handler
 .text.z_sys_init_run_level
                0x000000000001330c       0x48 zephyr/kernel/libkernel.a(init.c.obj)
 .text.bg_thread_main
                0x0000000000013354       0x34 zephyr/kernel/libkernel.a(init.c.obj)
 .text.z_bss_zero
                0x0000000000013388       0x18 zephyr/kernel/libkernel.a(init.c.obj)
                0x0000000000013388                z_bss_zero
 .text.z_init_cpu
                0x00000000000133a0       0x70 zephyr/kernel/libkernel.a(init.c.obj)
                0x00000000000133a0                z_init_cpu
 .text.z_cstart
                0x0000000000013410       0xdc zephyr/kernel/libkernel.a(init.c.obj)
                0x0000000000013410                z_cstart
 .text.init_mem_slab_module
                0x00000000000134ec       0x24 zephyr/kernel/libkernel.a(mem_slab.c.obj)
 .text.k_mem_slab_alloc
                0x0000000000013510       0x5c zephyr/kernel/libkernel.a(mem_slab.c.obj)
                0x0000000000013510                k_mem_slab_alloc
 .text.z_setup_new_thread
                0x000000000001356c       0x64 zephyr/kernel/libkernel.a(thread.c.obj)
                0x000000000001356c                z_setup_new_thread
 .text.z_init_static_threads
                0x00000000000135d0       0xb8 zephyr/kernel/libkernel.a(thread.c.obj)
                0x00000000000135d0                z_init_static_threads
 .text.idle     0x0000000000013688       0x38 zephyr/kernel/libkernel.a(idle.c.obj)
                0x0000000000013688                idle
 .text.z_impl_k_mutex_lock
                0x00000000000136c0       0xf4 zephyr/kernel/libkernel.a(mutex.c.obj)
                0x00000000000136c0                z_impl_k_mutex_lock
 .text.z_impl_k_mutex_unlock
                0x00000000000137b4       0x78 zephyr/kernel/libkernel.a(mutex.c.obj)
                0x00000000000137b4                z_impl_k_mutex_unlock
 .text.z_impl_k_sem_give
                0x000000000001382c       0x40 zephyr/kernel/libkernel.a(sem.c.obj)
                0x000000000001382c                z_impl_k_sem_give
 .text.z_impl_k_sem_take
                0x000000000001386c       0x50 zephyr/kernel/libkernel.a(sem.c.obj)
                0x000000000001386c                z_impl_k_sem_take
 .text.sliceable
                0x00000000000138bc       0x3c zephyr/kernel/libkernel.a(sched.c.obj)
 .text.slice_timeout
                0x00000000000138f8       0x20 zephyr/kernel/libkernel.a(sched.c.obj)
 .text.z_reset_time_slice
                0x0000000000013918       0x50 zephyr/kernel/libkernel.a(sched.c.obj)
                0x0000000000013918                z_reset_time_slice
 .text.update_cache
                0x0000000000013968       0x3c zephyr/kernel/libkernel.a(sched.c.obj)
 .text.move_thread_to_end_of_prio_q
                0x00000000000139a4       0x74 zephyr/kernel/libkernel.a(sched.c.obj)
 .text.ready_thread
                0x0000000000013a18       0x68 zephyr/kernel/libkernel.a(sched.c.obj)
 .text.unready_thread
                0x0000000000013a80       0x30 zephyr/kernel/libkernel.a(sched.c.obj)
 .text.pend_locked
                0x0000000000013ab0       0x30 zephyr/kernel/libkernel.a(sched.c.obj)
 .text.z_time_slice
                0x0000000000013ae0       0x60 zephyr/kernel/libkernel.a(sched.c.obj)
                0x0000000000013ae0                z_time_slice
 .text.z_pend_curr
                0x0000000000013b40       0x3c zephyr/kernel/libkernel.a(sched.c.obj)
                0x0000000000013b40                z_pend_curr
 .text.z_set_prio
                0x0000000000013b7c       0x8c zephyr/kernel/libkernel.a(sched.c.obj)
                0x0000000000013b7c                z_set_prio
 .text.z_reschedule
                0x0000000000013c08       0x24 zephyr/kernel/libkernel.a(sched.c.obj)
                0x0000000000013c08                z_reschedule
 .text.z_sched_start
                0x0000000000013c2c       0x3c zephyr/kernel/libkernel.a(sched.c.obj)
                0x0000000000013c2c                z_sched_start
 .text.z_impl_k_thread_suspend
                0x0000000000013c68       0x64 zephyr/kernel/libkernel.a(sched.c.obj)
                0x0000000000013c68                z_impl_k_thread_suspend
 .text.k_sched_lock
                0x0000000000013ccc       0x28 zephyr/kernel/libkernel.a(sched.c.obj)
                0x0000000000013ccc                k_sched_lock
 .text.k_sched_unlock
                0x0000000000013cf4       0x38 zephyr/kernel/libkernel.a(sched.c.obj)
                0x0000000000013cf4                k_sched_unlock
 .text.z_sched_init
                0x0000000000013d2c       0x10 zephyr/kernel/libkernel.a(sched.c.obj)
                0x0000000000013d2c                z_sched_init
 .text.z_impl_k_yield
                0x0000000000013d3c       0x7c zephyr/kernel/libkernel.a(sched.c.obj)
                0x0000000000013d3c                z_impl_k_yield
 .text.z_tick_sleep
                0x0000000000013db8       0x88 zephyr/kernel/libkernel.a(sched.c.obj)
 .text.z_impl_k_sleep
                0x0000000000013e40       0x34 zephyr/kernel/libkernel.a(sched.c.obj)
                0x0000000000013e40                z_impl_k_sleep
 .text.z_impl_z_current_get
                0x0000000000013e74        0xc zephyr/kernel/libkernel.a(sched.c.obj)
                0x0000000000013e74                z_impl_z_current_get
 .text.z_thread_abort
                0x0000000000013e80       0xc0 zephyr/kernel/libkernel.a(sched.c.obj)
                0x0000000000013e80                z_thread_abort
 .text.z_data_copy
                0x0000000000013f40       0x34 zephyr/kernel/libkernel.a(xip.c.obj)
                0x0000000000013f40                z_data_copy
 .text.elapsed  0x0000000000013f74       0x14 zephyr/kernel/libkernel.a(timeout.c.obj)
 .text.next_timeout
                0x0000000000013f88       0x40 zephyr/kernel/libkernel.a(timeout.c.obj)
 .text.remove_timeout
                0x0000000000013fc8       0x38 zephyr/kernel/libkernel.a(timeout.c.obj)
 .text.z_add_timeout
                0x0000000000014000       0xec zephyr/kernel/libkernel.a(timeout.c.obj)
                0x0000000000014000                z_add_timeout
 .text.sys_clock_announce
                0x00000000000140ec       0xd4 zephyr/kernel/libkernel.a(timeout.c.obj)
                0x00000000000140ec                sys_clock_announce
 .text.sys_clock_tick_get
                0x00000000000141c0       0x34 zephyr/kernel/libkernel.a(timeout.c.obj)
                0x00000000000141c0                sys_clock_tick_get
 .text.boot_banner
                0x00000000000141f4        0xc zephyr/kernel/libkernel.a(banner.c.obj)
                0x00000000000141f4                boot_banner
 .text.nrf_cc3xx_platform_init_no_rng
                0x0000000000014200       0x38 D:/nRF/nsc/v2.4.0/nrfxlib/crypto/nrf_cc310_platform/lib/cortex-m4/soft-float/no-interrupts/libnrf_cc310_platform_0.9.17.a(nrf_cc3xx_platform.c.obj)
                0x0000000000014200                nrf_cc3xx_platform_init_no_rng
 .text.nrf_cc3xx_platform_abort
                0x0000000000014238       0x24 D:/nRF/nsc/v2.4.0/nrfxlib/crypto/nrf_cc310_platform/lib/cortex-m4/soft-float/no-interrupts/libnrf_cc310_platform_0.9.17.a(nrf_cc3xx_platform_abort.c.obj)
 .text.CC_PalAbort
                0x000000000001425c       0x34 D:/nRF/nsc/v2.4.0/nrfxlib/crypto/nrf_cc310_platform/lib/cortex-m4/soft-float/no-interrupts/libnrf_cc310_platform_0.9.17.a(nrf_cc3xx_platform_abort.c.obj)
                0x000000000001425c                CC_PalAbort
 .text.nrf_cc3xx_platform_set_abort
                0x0000000000014290       0x10 D:/nRF/nsc/v2.4.0/nrfxlib/crypto/nrf_cc310_platform/lib/cortex-m4/soft-float/no-interrupts/libnrf_cc310_platform_0.9.17.a(nrf_cc3xx_platform_abort.c.obj)
                0x0000000000014290                nrf_cc3xx_platform_set_abort
 .text.mutex_free
                0x00000000000142a0       0x34 D:/nRF/nsc/v2.4.0/nrfxlib/crypto/nrf_cc310_platform/lib/cortex-m4/soft-float/no-interrupts/libnrf_cc310_platform_0.9.17.a(nrf_cc3xx_platform_mutex.c.obj)
 .text.mutex_lock
                0x00000000000142d4       0x48 D:/nRF/nsc/v2.4.0/nrfxlib/crypto/nrf_cc310_platform/lib/cortex-m4/soft-float/no-interrupts/libnrf_cc310_platform_0.9.17.a(nrf_cc3xx_platform_mutex.c.obj)
 .text.mutex_unlock
                0x000000000001431c       0x38 D:/nRF/nsc/v2.4.0/nrfxlib/crypto/nrf_cc310_platform/lib/cortex-m4/soft-float/no-interrupts/libnrf_cc310_platform_0.9.17.a(nrf_cc3xx_platform_mutex.c.obj)
 .text.mutex_init
                0x0000000000014354       0x20 D:/nRF/nsc/v2.4.0/nrfxlib/crypto/nrf_cc310_platform/lib/cortex-m4/soft-float/no-interrupts/libnrf_cc310_platform_0.9.17.a(nrf_cc3xx_platform_mutex.c.obj)
 .text.nrf_cc3xx_platform_set_mutexes
                0x0000000000014374       0x74 D:/nRF/nsc/v2.4.0/nrfxlib/crypto/nrf_cc310_platform/lib/cortex-m4/soft-float/no-interrupts/libnrf_cc310_platform_0.9.17.a(nrf_cc3xx_platform_mutex.c.obj)
                0x0000000000014374                nrf_cc3xx_platform_set_mutexes
 .text.CC_LibInitNoRng
                0x00000000000143e8       0x64 D:/nRF/nsc/v2.4.0/nrfxlib/crypto/nrf_cc310_platform/lib/cortex-m4/soft-float/no-interrupts/libnrf_cc310_platform_0.9.17.a(cc_lib.c.obj)
                0x00000000000143e8                CC_LibInitNoRng
 .text.CC_HalInit
                0x000000000001444c        0x4 D:/nRF/nsc/v2.4.0/nrfxlib/crypto/nrf_cc310_platform/lib/cortex-m4/soft-float/no-interrupts/libnrf_cc310_platform_0.9.17.a(cc_hal.c.obj)
                0x000000000001444c                CC_HalInit
 .text.CC_HalTerminate
                0x0000000000014450        0x4 D:/nRF/nsc/v2.4.0/nrfxlib/crypto/nrf_cc310_platform/lib/cortex-m4/soft-float/no-interrupts/libnrf_cc310_platform_0.9.17.a(cc_hal.c.obj)
                0x0000000000014450                CC_HalTerminate
 .text.CC_HalMaskInterrupt
                0x0000000000014454        0xc D:/nRF/nsc/v2.4.0/nrfxlib/crypto/nrf_cc310_platform/lib/cortex-m4/soft-float/no-interrupts/libnrf_cc310_platform_0.9.17.a(cc_hal.c.obj)
                0x0000000000014454                CC_HalMaskInterrupt
 .text.CC_PalInit
                0x0000000000014460       0x5c D:/nRF/nsc/v2.4.0/nrfxlib/crypto/nrf_cc310_platform/lib/cortex-m4/soft-float/no-interrupts/libnrf_cc310_platform_0.9.17.a(cc_pal.c.obj)
                0x0000000000014460                CC_PalInit
 .text.CC_PalTerminate
                0x00000000000144bc       0x34 D:/nRF/nsc/v2.4.0/nrfxlib/crypto/nrf_cc310_platform/lib/cortex-m4/soft-float/no-interrupts/libnrf_cc310_platform_0.9.17.a(cc_pal.c.obj)
                0x00000000000144bc                CC_PalTerminate
 .text.CC_PalDmaInit
                0x00000000000144f0        0x4 D:/nRF/nsc/v2.4.0/nrfxlib/crypto/nrf_cc310_platform/lib/cortex-m4/soft-float/no-interrupts/libnrf_cc310_platform_0.9.17.a(cc_pal_dma.c.obj)
                0x00000000000144f0                CC_PalDmaInit
 .text.CC_PalDmaTerminate
                0x00000000000144f4        0x4 D:/nRF/nsc/v2.4.0/nrfxlib/crypto/nrf_cc310_platform/lib/cortex-m4/soft-float/no-interrupts/libnrf_cc310_platform_0.9.17.a(cc_pal_dma.c.obj)
                0x00000000000144f4                CC_PalDmaTerminate
 .text.CC_PalMutexCreate
                0x00000000000144f8       0x14 D:/nRF/nsc/v2.4.0/nrfxlib/crypto/nrf_cc310_platform/lib/cortex-m4/soft-float/no-interrupts/libnrf_cc310_platform_0.9.17.a(cc_pal_mutex.c.obj)
                0x00000000000144f8                CC_PalMutexCreate
 .text.CC_PalMutexDestroy
                0x000000000001450c       0x14 D:/nRF/nsc/v2.4.0/nrfxlib/crypto/nrf_cc310_platform/lib/cortex-m4/soft-float/no-interrupts/libnrf_cc310_platform_0.9.17.a(cc_pal_mutex.c.obj)
                0x000000000001450c                CC_PalMutexDestroy
 .text.CC_PalPowerSaveModeInit
                0x0000000000014520       0x3c D:/nRF/nsc/v2.4.0/nrfxlib/crypto/nrf_cc310_platform/lib/cortex-m4/soft-float/no-interrupts/libnrf_cc310_platform_0.9.17.a(cc_pal_pm.c.obj)
                0x0000000000014520                CC_PalPowerSaveModeInit
 .text.CC_PalPowerSaveModeSelect
                0x000000000001455c       0x84 D:/nRF/nsc/v2.4.0/nrfxlib/crypto/nrf_cc310_platform/lib/cortex-m4/soft-float/no-interrupts/libnrf_cc310_platform_0.9.17.a(cc_pal_pm.c.obj)
                0x000000000001455c                CC_PalPowerSaveModeSelect
 .text.arch_printk_char_out
                0x00000000000145e0        0x4 zephyr/libzephyr.a(printk.c.obj)
                0x00000000000145e0                arch_printk_char_out
 .text.printk   0x00000000000145e4       0x1a zephyr/libzephyr.a(printk.c.obj)
                0x00000000000145e4                printk
 .text.z_thread_entry
                0x00000000000145fe       0x14 zephyr/libzephyr.a(thread_entry.c.obj)
                0x00000000000145fe                z_thread_entry
 .text.process_recheck
                0x0000000000014612       0x38 zephyr/libzephyr.a(onoff.c.obj)
 .text.validate_args
                0x000000000001464a       0x20 zephyr/libzephyr.a(onoff.c.obj)
 .text.notify_one
                0x000000000001466a       0x2c zephyr/libzephyr.a(onoff.c.obj)
 .text.transition_complete
                0x0000000000014696       0x1c zephyr/libzephyr.a(onoff.c.obj)
 .text.onoff_manager_init
                0x00000000000146b2       0x26 zephyr/libzephyr.a(onoff.c.obj)
                0x00000000000146b2                onoff_manager_init
 .text.onoff_request
                0x00000000000146d8       0xb0 zephyr/libzephyr.a(onoff.c.obj)
                0x00000000000146d8                onoff_request
 .text.sys_notify_validate
                0x0000000000014788       0x22 zephyr/libzephyr.a(notify.c.obj)
                0x0000000000014788                sys_notify_validate
 .text.sys_notify_finalize
                0x00000000000147aa       0x1a zephyr/libzephyr.a(notify.c.obj)
                0x00000000000147aa                sys_notify_finalize
 .text.encode_uint
                0x00000000000147c4       0x8c zephyr/libzephyr.a(cbprintf_complete.c.obj)
 .text.outs     0x0000000000014850       0x2e zephyr/libzephyr.a(cbprintf_complete.c.obj)
 .text._ConfigAbsSyms
                0x000000000001487e        0x2 zephyr/libzephyr.a(configs.c.obj)
                0x000000000001487e                _ConfigAbsSyms
 .text.abort_function
                0x0000000000014880        0x8 zephyr/libzephyr.a(nrf_cc3xx_platform_abort_zephyr.c.obj)
 .text.z_arm_fatal_error
                0x0000000000014888        0x4 zephyr/arch/arch/arm/core/aarch32/libarch__arm__core__aarch32.a(fatal.c.obj)
                0x0000000000014888                z_arm_fatal_error
 .text.z_do_kernel_oops
                0x000000000001488c        0x8 zephyr/arch/arch/arm/core/aarch32/libarch__arm__core__aarch32.a(fatal.c.obj)
                0x000000000001488c                z_do_kernel_oops
 .text.z_irq_spurious
                0x0000000000014894        0x8 zephyr/arch/arch/arm/core/aarch32/libarch__arm__core__aarch32.a(irq_manage.c.obj)
                0x0000000000014894                z_irq_spurious
 .text.z_arm_nmi
                0x000000000001489c        0xe zephyr/arch/arch/arm/core/aarch32/libarch__arm__core__aarch32.a(nmi.c.obj)
                0x000000000001489c                z_arm_nmi
 .text.strlen   0x00000000000148aa        0xe zephyr/lib/libc/minimal/liblib__libc__minimal.a(string.c.obj)
                0x00000000000148aa                strlen
 .text.strnlen  0x00000000000148b8       0x12 zephyr/lib/libc/minimal/liblib__libc__minimal.a(string.c.obj)
                0x00000000000148b8                strnlen
 .text.memcpy   0x00000000000148ca       0x16 zephyr/lib/libc/minimal/liblib__libc__minimal.a(string.c.obj)
                0x00000000000148ca                memcpy
 .text.memset   0x00000000000148e0       0x12 zephyr/lib/libc/minimal/liblib__libc__minimal.a(string.c.obj)
                0x00000000000148e0                memset
 .text._stdout_hook_default
                0x00000000000148f2        0x6 zephyr/lib/libc/minimal/liblib__libc__minimal.a(stdout_console.c.obj)
 .text.pm_state_set
                0x00000000000148f8       0x18 zephyr/soc/arm/nordic_nrf/nrf52/libsoc__arm__nordic_nrf__nrf52.a(power.c.obj)
                0x00000000000148f8                pm_state_set
 .text.pm_state_exit_post_ops
                0x0000000000014910        0xc zephyr/soc/arm/nordic_nrf/nrf52/libsoc__arm__nordic_nrf__nrf52.a(power.c.obj)
                0x0000000000014910                pm_state_exit_post_ops
 .text.gpio_pin_configure_dt
                0x000000000001491c       0x3e zephyr/boards/boards/arm/arduino_nano_33_ble/libboards__arm__arduino_nano_33_ble.a(board.c.obj)
 .text.get_status
                0x000000000001495a       0x12 zephyr/drivers/clock_control/libdrivers__clock_control.a(clock_control_nrf.c.obj)
 .text.set_on_state
                0x000000000001496c       0x26 zephyr/drivers/clock_control/libdrivers__clock_control.a(clock_control_nrf.c.obj)
 .text.stop     0x0000000000014992       0x54 zephyr/drivers/clock_control/libdrivers__clock_control.a(clock_control_nrf.c.obj)
 .text.api_stop
                0x00000000000149e6        0x6 zephyr/drivers/clock_control/libdrivers__clock_control.a(clock_control_nrf.c.obj)
 .text.async_start
                0x00000000000149ec       0x5e zephyr/drivers/clock_control/libdrivers__clock_control.a(clock_control_nrf.c.obj)
 .text.api_start
                0x0000000000014a4a        0xe zephyr/drivers/clock_control/libdrivers__clock_control.a(clock_control_nrf.c.obj)
 .text.onoff_started_callback
                0x0000000000014a58       0x12 zephyr/drivers/clock_control/libdrivers__clock_control.a(clock_control_nrf.c.obj)
 .text.lfclk_start
                0x0000000000014a6a        0x6 zephyr/drivers/clock_control/libdrivers__clock_control.a(clock_control_nrf.c.obj)
 .text.lfclk_stop
                0x0000000000014a70        0x6 zephyr/drivers/clock_control/libdrivers__clock_control.a(clock_control_nrf.c.obj)
 .text.blocking_start_callback
                0x0000000000014a76        0x6 zephyr/drivers/clock_control/libdrivers__clock_control.a(clock_control_nrf.c.obj)
 .text.gpio_nrfx_port_get_raw
                0x0000000000014a7c        0xe zephyr/drivers/gpio/libdrivers__gpio.a(gpio_nrfx.c.obj)
 .text.gpio_nrfx_port_set_masked_raw
                0x0000000000014a8a       0x18 zephyr/drivers/gpio/libdrivers__gpio.a(gpio_nrfx.c.obj)
 .text.gpio_nrfx_port_set_bits_raw
                0x0000000000014aa2        0xc zephyr/drivers/gpio/libdrivers__gpio.a(gpio_nrfx.c.obj)
 .text.gpio_nrfx_port_clear_bits_raw
                0x0000000000014aae        0xc zephyr/drivers/gpio/libdrivers__gpio.a(gpio_nrfx.c.obj)
 .text.gpio_nrfx_port_toggle_bits
                0x0000000000014aba       0x1a zephyr/drivers/gpio/libdrivers__gpio.a(gpio_nrfx.c.obj)
 .text.gpio_nrfx_manage_callback
                0x0000000000014ad4       0x52 zephyr/drivers/gpio/libdrivers__gpio.a(gpio_nrfx.c.obj)
 .text.pinctrl_lookup_state
                0x0000000000014b26       0x26 zephyr/drivers/pinctrl/libdrivers__pinctrl.a(common.c.obj)
                0x0000000000014b26                pinctrl_lookup_state
 .text.uart_nrfx_config_get
                0x0000000000014b4c       0x10 zephyr/drivers/serial/libdrivers__serial.a(uart_nrfx_uart.c.obj)
 .text.sys_clock_idle_exit
                0x0000000000014b5c        0x2 zephyr/drivers/timer/libdrivers__timer.a(sys_clock_init.c.obj)
                0x0000000000014b5c                sys_clock_idle_exit
 .text.event_clear
                0x0000000000014b5e       0x18 zephyr/drivers/timer/libdrivers__timer.a(nrf_rtc_timer.c.obj)
 .text.k_sys_fatal_error_handler
                0x0000000000014b76        0x8 modules/nrf/lib/fatal_error/lib..__nrf__lib__fatal_error.a(fatal_error.c.obj)
                0x0000000000014b76                k_sys_fatal_error_handler
 .text.hw_cc3xx_init_internal
                0x0000000000014b7e        0x4 modules/nrf/drivers/hw_cc310/lib..__nrf__drivers__hw_cc310.a(hw_cc310.c.obj)
 .text.hw_cc3xx_init
                0x0000000000014b82       0x12 modules/nrf/drivers/hw_cc310/lib..__nrf__drivers__hw_cc310.a(hw_cc310.c.obj)
 .text.nrfx_isr
                0x0000000000014b94        0x2 modules/hal_nordic/nrfx/libmodules__hal_nordic__nrfx.a(nrfx_glue.c.obj)
                0x0000000000014b94                nrfx_isr
 .text.nrfx_busy_wait
                0x0000000000014b96        0x4 modules/hal_nordic/nrfx/libmodules__hal_nordic__nrfx.a(nrfx_glue.c.obj)
                0x0000000000014b96                nrfx_busy_wait
 .text.nrfx_clock_enable
                0x0000000000014b9a       0x1a modules/hal_nordic/nrfx/libmodules__hal_nordic__nrfx.a(nrfx_clock.c.obj)
                0x0000000000014b9a                nrfx_clock_enable
 .text.nrfx_clock_start
                0x0000000000014bb4       0x78 modules/hal_nordic/nrfx/libmodules__hal_nordic__nrfx.a(nrfx_clock.c.obj)
                0x0000000000014bb4                nrfx_clock_start
 .text.nrfx_clock_stop
                0x0000000000014c2c        0x4 modules/hal_nordic/nrfx/libmodules__hal_nordic__nrfx.a(nrfx_clock.c.obj)
                0x0000000000014c2c                nrfx_clock_stop
 .text.nrf_gpio_reconfigure
                0x0000000000014c30       0x92 modules/hal_nordic/nrfx/libmodules__hal_nordic__nrfx.a(nrfx_gpiote.c.obj)
 .text.nrf_gpio_cfg_sense_set
                0x0000000000014cc2       0x1e modules/hal_nordic/nrfx/libmodules__hal_nordic__nrfx.a(nrfx_gpiote.c.obj)
 .text.z_device_state_init
                0x0000000000014ce0        0x2 zephyr/kernel/libkernel.a(device.c.obj)
                0x0000000000014ce0                z_device_state_init
 .text.z_device_is_ready
                0x0000000000014ce2       0x16 zephyr/kernel/libkernel.a(device.c.obj)
                0x0000000000014ce2                z_device_is_ready
 .text.z_fatal_error
                0x0000000000014cf8       0x36 zephyr/kernel/libkernel.a(fatal.c.obj)
                0x0000000000014cf8                z_fatal_error
 .text.z_early_memset
                0x0000000000014d2e        0x4 zephyr/kernel/libkernel.a(init.c.obj)
                0x0000000000014d2e                z_early_memset
 .text.z_early_memcpy
                0x0000000000014d32        0x4 zephyr/kernel/libkernel.a(init.c.obj)
                0x0000000000014d32                z_early_memcpy
 .text.create_free_list
                0x0000000000014d36       0x2c zephyr/kernel/libkernel.a(mem_slab.c.obj)
 .text.k_mem_slab_init
                0x0000000000014d62       0x1c zephyr/kernel/libkernel.a(mem_slab.c.obj)
                0x0000000000014d62                k_mem_slab_init
 .text.k_mem_slab_free
                0x0000000000014d7e       0x52 zephyr/kernel/libkernel.a(mem_slab.c.obj)
                0x0000000000014d7e                k_mem_slab_free
 .text.k_is_in_isr
                0x0000000000014dd0        0xc zephyr/kernel/libkernel.a(thread.c.obj)
                0x0000000000014dd0                k_is_in_isr
 .text.z_pm_save_idle_exit
                0x0000000000014ddc        0xe zephyr/kernel/libkernel.a(idle.c.obj)
                0x0000000000014ddc                z_pm_save_idle_exit
 .text.adjust_owner_prio.isra.0
                0x0000000000014dea       0x10 zephyr/kernel/libkernel.a(mutex.c.obj)
 .text.z_impl_k_mutex_init
                0x0000000000014dfa        0xe zephyr/kernel/libkernel.a(mutex.c.obj)
                0x0000000000014dfa                z_impl_k_mutex_init
 .text.sys_dlist_remove
                0x0000000000014e08       0x10 zephyr/kernel/libkernel.a(sched.c.obj)
 .text.unpend_thread_no_timeout
                0x0000000000014e18       0x14 zephyr/kernel/libkernel.a(sched.c.obj)
 .text.add_to_waitq_locked
                0x0000000000014e2c       0x50 zephyr/kernel/libkernel.a(sched.c.obj)
 .text.z_ready_thread
                0x0000000000014e7c       0x20 zephyr/kernel/libkernel.a(sched.c.obj)
                0x0000000000014e7c                z_ready_thread
 .text.z_sched_wake_thread
                0x0000000000014e9c       0x44 zephyr/kernel/libkernel.a(sched.c.obj)
                0x0000000000014e9c                z_sched_wake_thread
 .text.z_thread_timeout
                0x0000000000014ee0        0x8 zephyr/kernel/libkernel.a(sched.c.obj)
                0x0000000000014ee0                z_thread_timeout
 .text.z_unpend_first_thread
                0x0000000000014ee8       0x38 zephyr/kernel/libkernel.a(sched.c.obj)
                0x0000000000014ee8                z_unpend_first_thread
 .text.z_reschedule_irqlock
                0x0000000000014f20       0x18 zephyr/kernel/libkernel.a(sched.c.obj)
                0x0000000000014f20                z_reschedule_irqlock
 .text.z_reschedule_unlocked
                0x0000000000014f38       0x14 zephyr/kernel/libkernel.a(sched.c.obj)
 .text.z_abort_timeout
                0x0000000000014f4c       0x2c zephyr/kernel/libkernel.a(timeout.c.obj)
                0x0000000000014f4c                z_abort_timeout
 .text.z_get_next_timeout_expiry
                0x0000000000014f78       0x20 zephyr/kernel/libkernel.a(timeout.c.obj)
                0x0000000000014f78                z_get_next_timeout_expiry
 .text.sys_clock_tick_get_32
                0x0000000000014f98        0x8 zephyr/kernel/libkernel.a(timeout.c.obj)
                0x0000000000014f98                sys_clock_tick_get_32
 .text.z_impl_k_busy_wait
                0x0000000000014fa0        0x8 zephyr/kernel/libkernel.a(timeout.c.obj)
                0x0000000000014fa0                z_impl_k_busy_wait
 .text._OffsetAbsSyms
                0x0000000000014fa8        0x2 zephyr/CMakeFiles/offsets.dir/./arch/arm/core/offsets/offsets.c.obj
                0x0000000000014fa8                _OffsetAbsSyms
 *(SORT_BY_ALIGNMENT(.TEXT.*))
 *(SORT_BY_ALIGNMENT(.gnu.linkonce.t.*))
 *(SORT_BY_ALIGNMENT(.glue_7t))
 .glue_7t       0x0000000000014faa        0x0 linker stubs
 *(SORT_BY_ALIGNMENT(.glue_7))
 .glue_7        0x0000000000014faa        0x0 linker stubs
 *(SORT_BY_ALIGNMENT(.vfp11_veneer))
 .vfp11_veneer  0x0000000000014faa        0x0 linker stubs
 *(SORT_BY_ALIGNMENT(.v4_bx))
 .v4_bx         0x0000000000014faa        0x0 linker stubs
                0x0000000000014fac                . = ALIGN (0x4)
 *fill*         0x0000000000014faa        0x2 
                0x0000000000014fac                __text_region_end = .

.ARM.exidx      0x0000000000014fac        0x8
                0x0000000000014fac                __exidx_start = .
 *(SORT_BY_ALIGNMENT(.ARM.exidx*) SORT_BY_ALIGNMENT(gnu.linkonce.armexidx.*))
 .ARM.exidx     0x0000000000014fac        0x8 d:/nrf/nsc/toolchains/31f4403e35/opt/zephyr-sdk/arm-zephyr-eabi/bin/../lib/gcc/arm-zephyr-eabi/12.2.0/thumb/v7e-m/nofp\libgcc.a(_udivmoddi4.o)
                0x0000000000014fb4                __exidx_end = .
                0x0000000000014fb4                __rodata_region_start = .

initlevel       0x0000000000014fb4       0x58
                0x0000000000014fb4                __init_start = .
                0x0000000000014fb4                __init_EARLY_start = .
 *(SORT_BY_NAME(SORT_BY_ALIGNMENT(.z_init_EARLY[0-9]_*)))
 *(SORT_BY_NAME(SORT_BY_ALIGNMENT(.z_init_EARLY[1-9][0-9]_*)))
                0x0000000000014fb4                __init_PRE_KERNEL_1_start = .
 *(SORT_BY_NAME(SORT_BY_ALIGNMENT(.z_init_PRE_KERNEL_1[0-9]_*)))
 .z_init_PRE_KERNEL_10_
                0x0000000000014fb4        0x8 zephyr/soc/arm/nordic_nrf/nrf52/libsoc__arm__nordic_nrf__nrf52.a(soc.c.obj)
 *(SORT_BY_NAME(SORT_BY_ALIGNMENT(.z_init_PRE_KERNEL_1[1-9][0-9]_*)))
 .z_init_PRE_KERNEL_130_
                0x0000000000014fbc        0x8 zephyr/drivers/clock_control/libdrivers__clock_control.a(clock_control_nrf.c.obj)
 .z_init_PRE_KERNEL_130_
                0x0000000000014fc4        0x8 zephyr/kernel/libkernel.a(mem_slab.c.obj)
 .z_init_PRE_KERNEL_140_
                0x0000000000014fcc       0x10 zephyr/drivers/gpio/libdrivers__gpio.a(gpio_nrfx.c.obj)
 .z_init_PRE_KERNEL_140_
                0x0000000000014fdc        0x8 modules/nrf/drivers/hw_cc310/lib..__nrf__drivers__hw_cc310.a(hw_cc310.c.obj)
 .z_init_PRE_KERNEL_155_
                0x0000000000014fe4        0x8 zephyr/drivers/serial/libdrivers__serial.a(uart_nrfx_uart.c.obj)
 .z_init_PRE_KERNEL_160_
                0x0000000000014fec        0x8 zephyr/drivers/console/libdrivers__console.a(uart_console.c.obj)
                0x0000000000014ff4                __init_PRE_KERNEL_2_start = .
 *(SORT_BY_NAME(SORT_BY_ALIGNMENT(.z_init_PRE_KERNEL_2[0-9]_*)))
 .z_init_PRE_KERNEL_20_
                0x0000000000014ff4        0x8 zephyr/drivers/timer/libdrivers__timer.a(nrf_rtc_timer.c.obj)
 *(SORT_BY_NAME(SORT_BY_ALIGNMENT(.z_init_PRE_KERNEL_2[1-9][0-9]_*)))
                0x0000000000014ffc                __init_POST_KERNEL_start = .
 *(SORT_BY_NAME(SORT_BY_ALIGNMENT(.z_init_POST_KERNEL[0-9]_*)))
 *(SORT_BY_NAME(SORT_BY_ALIGNMENT(.z_init_POST_KERNEL[1-9][0-9]_*)))
 .z_init_POST_KERNEL40_
                0x0000000000014ffc        0x8 modules/nrf/drivers/hw_cc310/lib..__nrf__drivers__hw_cc310.a(hw_cc310.c.obj)
 .z_init_POST_KERNEL50_
                0x0000000000015004        0x8 zephyr/boards/boards/arm/arduino_nano_33_ble/libboards__arm__arduino_nano_33_ble.a(board.c.obj)
                0x000000000001500c                __init_APPLICATION_start = .
 *(SORT_BY_NAME(SORT_BY_ALIGNMENT(.z_init_APPLICATION[0-9]_*)))
 *(SORT_BY_NAME(SORT_BY_ALIGNMENT(.z_init_APPLICATION[1-9][0-9]_*)))
                0x000000000001500c                __init_SMP_start = .
 *(SORT_BY_NAME(SORT_BY_ALIGNMENT(.z_init_SMP[0-9]_*)))
 *(SORT_BY_NAME(SORT_BY_ALIGNMENT(.z_init_SMP[1-9][0-9]_*)))
                0x000000000001500c                __init_end = .

devices         0x000000000001500c       0x60
                0x000000000001500c                __device_start = .
                0x000000000001500c                __device_EARLY_start = .
 *(SORT_BY_NAME(SORT_BY_ALIGNMENT(.z_device_EARLY[0-9]_*)))
 *(SORT_BY_NAME(SORT_BY_ALIGNMENT(.z_device_EARLY[1-9][0-9]_*)))
                0x000000000001500c                __device_PRE_KERNEL_1_start = .
 *(SORT_BY_NAME(SORT_BY_ALIGNMENT(.z_device_PRE_KERNEL_1[0-9]_*)))
 *(SORT_BY_NAME(SORT_BY_ALIGNMENT(.z_device_PRE_KERNEL_1[1-9][0-9]_*)))
 .z_device_PRE_KERNEL_130_
                0x000000000001500c       0x18 zephyr/drivers/clock_control/libdrivers__clock_control.a(clock_control_nrf.c.obj)
                0x000000000001500c                __device_dts_ord_68
 .z_device_PRE_KERNEL_140_
                0x0000000000015024       0x30 zephyr/drivers/gpio/libdrivers__gpio.a(gpio_nrfx.c.obj)
                0x0000000000015024                __device_dts_ord_11
                0x000000000001503c                __device_dts_ord_9
 .z_device_PRE_KERNEL_155_
                0x0000000000015054       0x18 zephyr/drivers/serial/libdrivers__serial.a(uart_nrfx_uart.c.obj)
                0x0000000000015054                __device_dts_ord_104
                0x000000000001506c                __device_PRE_KERNEL_2_start = .
 *(SORT_BY_NAME(SORT_BY_ALIGNMENT(.z_device_PRE_KERNEL_2[0-9]_*)))
 *(SORT_BY_NAME(SORT_BY_ALIGNMENT(.z_device_PRE_KERNEL_2[1-9][0-9]_*)))
                0x000000000001506c                __device_POST_KERNEL_start = .
 *(SORT_BY_NAME(SORT_BY_ALIGNMENT(.z_device_POST_KERNEL[0-9]_*)))
 *(SORT_BY_NAME(SORT_BY_ALIGNMENT(.z_device_POST_KERNEL[1-9][0-9]_*)))
                0x000000000001506c                __device_APPLICATION_start = .
 *(SORT_BY_NAME(SORT_BY_ALIGNMENT(.z_device_APPLICATION[0-9]_*)))
 *(SORT_BY_NAME(SORT_BY_ALIGNMENT(.z_device_APPLICATION[1-9][0-9]_*)))
                0x000000000001506c                __device_SMP_start = .
 *(SORT_BY_NAME(SORT_BY_ALIGNMENT(.z_device_SMP[0-9]_*)))
 *(SORT_BY_NAME(SORT_BY_ALIGNMENT(.z_device_SMP[1-9][0-9]_*)))
                0x000000000001506c                __device_end = .

sw_isr_table    0x000000000001506c      0x180
                0x000000000001506c                . = ALIGN (0x4)
 *(SORT_BY_ALIGNMENT(.gnu.linkonce.sw_isr_table*))
 .gnu.linkonce.sw_isr_table
                0x000000000001506c      0x180 zephyr/arch/common/libisr_tables.a(isr_tables.c.obj)
                0x000000000001506c                _sw_isr_table

initlevel_error
                0x0000000000014fb4        0x0
 *(SORT_BY_NAME(SORT_BY_ALIGNMENT(.z_init_[_A-Z0-9]*)))
                0x0000000000000001                ASSERT ((SIZEOF (initlevel_error) == 0x0), Undefined initialization levels used.)

app_shmem_regions
                0x00000000000151ec        0x0
                0x00000000000151ec                __app_shmem_regions_start = .
 *(SORT_BY_NAME(SORT_BY_ALIGNMENT(.app_regions.*)))
                0x00000000000151ec                __app_shmem_regions_end = .

k_p4wq_initparam_area
                0x00000000000151ec        0x0
                0x00000000000151ec                _k_p4wq_initparam_list_start = .
 *(SORT_BY_NAME(SORT_BY_ALIGNMENT(._k_p4wq_initparam.static.*)))
                0x00000000000151ec                _k_p4wq_initparam_list_end = .

_static_thread_data_area
                0x00000000000151ec        0x0
                0x00000000000151ec                __static_thread_data_list_start = .
 *(SORT_BY_NAME(SORT_BY_ALIGNMENT(.__static_thread_data.static.*)))
                0x00000000000151ec                __static_thread_data_list_end = .

device_handles  0x00000000000151ec       0x18
                0x00000000000151ec                __device_handles_start = .
 *(SORT_BY_NAME(SORT_BY_ALIGNMENT(.__device_handles_pass2*)))
 .__device_handles_pass2
                0x00000000000151ec       0x18 zephyr/CMakeFiles/zephyr_pre1.dir/dev_handles.c.obj
                0x00000000000151ec                __devicehdl_dts_ord_104
                0x00000000000151f2                __devicehdl_dts_ord_9
                0x00000000000151f8                __devicehdl_dts_ord_11
                0x00000000000151fe                __devicehdl_dts_ord_68
                0x0000000000015204                __device_handles_end = .

ztest           0x0000000000015204        0x0
                0x0000000000015204                _ztest_expected_result_entry_list_start = .
 *(SORT_BY_NAME(SORT_BY_ALIGNMENT(._ztest_expected_result_entry.static.*)))
                0x0000000000015204                _ztest_expected_result_entry_list_end = .
                0x0000000000015204                _ztest_suite_node_list_start = .
 *(SORT_BY_NAME(SORT_BY_ALIGNMENT(._ztest_suite_node.static.*)))
                0x0000000000015204                _ztest_suite_node_list_end = .
                0x0000000000015204                _ztest_unit_test_list_start = .
 *(SORT_BY_NAME(SORT_BY_ALIGNMENT(._ztest_unit_test.static.*)))
                0x0000000000015204                _ztest_unit_test_list_end = .
                0x0000000000015204                _ztest_test_rule_list_start = .
 *(SORT_BY_NAME(SORT_BY_ALIGNMENT(._ztest_test_rule.static.*)))
                0x0000000000015204                _ztest_test_rule_list_end = .

bt_l2cap_fixed_chan_area
                0x0000000000015204        0x0
                0x0000000000015204                _bt_l2cap_fixed_chan_list_start = .
 *(SORT_BY_NAME(SORT_BY_ALIGNMENT(._bt_l2cap_fixed_chan.static.*)))
                0x0000000000015204                _bt_l2cap_fixed_chan_list_end = .

bt_gatt_service_static_area
                0x0000000000015204        0x0
                0x0000000000015204                _bt_gatt_service_static_list_start = .
 *(SORT_BY_NAME(SORT_BY_ALIGNMENT(._bt_gatt_service_static.static.*)))
                0x0000000000015204                _bt_gatt_service_static_list_end = .

log_strings_sections
                0x0000000000015204        0x0
                0x0000000000015204                __log_strings_start = .
 *(SORT_BY_NAME(SORT_BY_ALIGNMENT(.log_strings*)))
                0x0000000000015204                __log_strings_end = .

log_const_sections
                0x0000000000015204       0x48
                0x0000000000015204                __log_const_start = .
 *(SORT_BY_NAME(SORT_BY_ALIGNMENT(.log_const_*)))
 .log_const_NRFX_CLOCK
                0x0000000000015204        0x8 modules/hal_nordic/nrfx/libmodules__hal_nordic__nrfx.a(nrfx_clock.c.obj)
                0x0000000000015204                log_const_NRFX_CLOCK
 .log_const_NRFX_GPIOTE
                0x000000000001520c        0x8 modules/hal_nordic/nrfx/libmodules__hal_nordic__nrfx.a(nrfx_gpiote.c.obj)
                0x000000000001520c                log_const_NRFX_GPIOTE
 .log_const_cbprintf_package
                0x0000000000015214        0x8 zephyr/libzephyr.a(cbprintf_packaged.c.obj)
                0x0000000000015214                log_const_cbprintf_package
 .log_const_clock_control
                0x000000000001521c        0x8 zephyr/drivers/clock_control/libdrivers__clock_control.a(clock_control_nrf.c.obj)
                0x000000000001521c                log_const_clock_control
 .log_const_fatal_error
                0x0000000000015224        0x8 modules/nrf/lib/fatal_error/lib..__nrf__lib__fatal_error.a(fatal_error.c.obj)
                0x0000000000015224                log_const_fatal_error
 .log_const_mpu
                0x000000000001522c        0x8 zephyr/arch/arch/arm/core/aarch32/mpu/libarch__arm__core__aarch32__mpu.a(arm_core_mpu.c.obj)
                0x000000000001522c                log_const_mpu
 .log_const_os  0x0000000000015234        0x8 zephyr/kernel/libkernel.a(init.c.obj)
                0x0000000000015234                log_const_os
 .log_const_pm  0x000000000001523c        0x8 zephyr/libzephyr.a(pm.c.obj)
                0x000000000001523c                log_const_pm
 .log_const_soc
                0x0000000000015244        0x8 zephyr/soc/arm/nordic_nrf/nrf52/libsoc__arm__nordic_nrf__nrf52.a(soc.c.obj)
                0x0000000000015244                log_const_soc
                0x000000000001524c                __log_const_end = .

log_backend_area
                0x000000000001524c        0x0
                0x000000000001524c                _log_backend_list_start = .
 *(SORT_BY_NAME(SORT_BY_ALIGNMENT(._log_backend.static.*)))
                0x000000000001524c                _log_backend_list_end = .

log_link_area   0x000000000001524c        0x0
                0x000000000001524c                _log_link_list_start = .
 *(SORT_BY_NAME(SORT_BY_ALIGNMENT(._log_link.static.*)))
                0x000000000001524c                _log_link_list_end = .

tracing_backend_area
                0x000000000001524c        0x0
                0x000000000001524c                _tracing_backend_list_start = .
 *(SORT_BY_NAME(SORT_BY_ALIGNMENT(._tracing_backend.static.*)))
                0x000000000001524c                _tracing_backend_list_end = .

zephyr_dbg_info
 *(SORT_BY_ALIGNMENT(.dbg_thread_info))

symbol_to_keep  0x000000000001524c        0x0
                0x000000000001524c                __symbol_to_keep_start = .
 *(SORT_BY_NAME(SORT_BY_ALIGNMENT(.symbol_to_keep*)))
                0x000000000001524c                __symbol_to_keep_end = .

shell_area      0x000000000001524c        0x0
                0x000000000001524c                _shell_list_start = .
 *(SORT_BY_NAME(SORT_BY_ALIGNMENT(._shell.static.*)))
                0x000000000001524c                _shell_list_end = .

shell_root_cmds_sections
                0x000000000001524c        0x0
                0x000000000001524c                __shell_root_cmds_start = .
 *(SORT_BY_NAME(SORT_BY_ALIGNMENT(.shell_root_cmd_*)))
                0x000000000001524c                __shell_root_cmds_end = .

shell_subcmds_sections
                0x000000000001524c        0x0
                0x000000000001524c                __shell_subcmds_start = .
 *(SORT_BY_NAME(SORT_BY_ALIGNMENT(.shell_subcmd_*)))
                0x000000000001524c                __shell_subcmds_end = .

shell_dynamic_subcmds_sections
                0x000000000001524c        0x0
                0x000000000001524c                __shell_dynamic_subcmds_start = .
 *(SORT_BY_NAME(SORT_BY_ALIGNMENT(.shell_dynamic_subcmd_*)))
                0x000000000001524c                __shell_dynamic_subcmds_end = .

font_entry_sections
                0x000000000001524c        0x0
                0x000000000001524c                __font_entry_start = .
 *(SORT_BY_NAME(SORT_BY_ALIGNMENT(._cfb_font.*)))
                0x000000000001524c                __font_entry_end = .

rodata          0x0000000000015250      0x344
 *(SORT_BY_ALIGNMENT(.rodata))
 *(SORT_BY_ALIGNMENT(.rodata.*))
 .rodata.delay_machine_code.0
                0x0000000000015250        0x6 zephyr/soc/arm/nordic_nrf/nrf52/libsoc__arm__nordic_nrf__nrf52.a(soc.c.obj)
 *fill*         0x0000000000015256        0x2 
 .rodata.pmstates_DT_N_S_cpus_S_cpu_0
                0x0000000000015258        0x0 zephyr/libzephyr.a(state.c.obj)
 .rodata.apis   0x0000000000015258        0x8 zephyr/libzephyr.a(nrf_cc3xx_platform_abort_zephyr.c.obj)
 .rodata.mutexes
                0x0000000000015260       0x14 zephyr/libzephyr.a(nrf_cc3xx_platform_mutex_zephyr.c.obj)
 .rodata.mutex_apis
                0x0000000000015274       0x10 zephyr/libzephyr.a(nrf_cc3xx_platform_mutex_zephyr.c.obj)
 .rodata.static_regions
                0x0000000000015284        0xc zephyr/arch/arch/arm/core/aarch32/mpu/libarch__arm__core__aarch32__mpu.a(arm_core_mpu.c.obj)
 .rodata.mpu_config
                0x0000000000015290        0x8 zephyr/soc/arm/common/cortex_m/libsoc__arm__common__cortex_m.a(arm_mpu_regions.c.obj)
                0x0000000000015290                mpu_config
 .rodata.mpu_regions
                0x0000000000015298       0x18 zephyr/soc/arm/common/cortex_m/libsoc__arm__common__cortex_m.a(arm_mpu_regions.c.obj)
 .rodata.user_led.0
                0x00000000000152b0        0x8 zephyr/boards/boards/arm/arduino_nano_33_ble/libboards__arm__arduino_nano_33_ble.a(board.c.obj)
 .rodata.pull_up.1
                0x00000000000152b8        0x8 zephyr/boards/boards/arm/arduino_nano_33_ble/libboards__arm__arduino_nano_33_ble.a(board.c.obj)
 .rodata.transitions.0
                0x00000000000152c0        0xc zephyr/drivers/clock_control/libdrivers__clock_control.a(clock_control_nrf.c.obj)
 .rodata.config
                0x00000000000152cc       0x10 zephyr/drivers/clock_control/libdrivers__clock_control.a(clock_control_nrf.c.obj)
 .rodata.clock_control_api
                0x00000000000152dc       0x1c zephyr/drivers/clock_control/libdrivers__clock_control.a(clock_control_nrf.c.obj)
 .rodata.gpio_nrfx_p1_cfg
                0x00000000000152f8       0x10 zephyr/drivers/gpio/libdrivers__gpio.a(gpio_nrfx.c.obj)
 .rodata.gpio_nrfx_p0_cfg
                0x0000000000015308       0x10 zephyr/drivers/gpio/libdrivers__gpio.a(gpio_nrfx.c.obj)
 .rodata.gpio_nrfx_drv_api_funcs
                0x0000000000015318       0x24 zephyr/drivers/gpio/libdrivers__gpio.a(gpio_nrfx.c.obj)
 .rodata.uart_nrfx_uart0_config
                0x000000000001533c        0x4 zephyr/drivers/serial/libdrivers__serial.a(uart_nrfx_uart.c.obj)
 .rodata.__pinctrl_dev_config__device_dts_ord_104
                0x0000000000015340        0xc zephyr/drivers/serial/libdrivers__serial.a(uart_nrfx_uart.c.obj)
 .rodata.__pinctrl_states__device_dts_ord_104
                0x000000000001534c        0x8 zephyr/drivers/serial/libdrivers__serial.a(uart_nrfx_uart.c.obj)
 .rodata.__pinctrl_state_pins_0__device_dts_ord_104
                0x0000000000015354        0x8 zephyr/drivers/serial/libdrivers__serial.a(uart_nrfx_uart.c.obj)
 .rodata.uart_nrfx_uart_driver_api
                0x000000000001535c       0x14 zephyr/drivers/serial/libdrivers__serial.a(uart_nrfx_uart.c.obj)
 .rodata._k_neg_eagain
                0x0000000000015370        0x4 zephyr/kernel/libkernel.a(errno.c.obj)
                0x0000000000015370                _k_neg_eagain
 .rodata.levels.0
                0x0000000000015374       0x18 zephyr/kernel/libkernel.a(init.c.obj)
 .rodata.CSWTCH.10
                0x000000000001538c       0x1c D:/nRF/nsc/v2.4.0/nrfxlib/crypto/nrf_cc310_platform/lib/cortex-m4/soft-float/no-interrupts/libnrf_cc310_platform_0.9.17.a(nrf_cc3xx_platform.c.obj)
 .rodata.mutex_free.str1.4
                0x00000000000153a8       0x26 D:/nRF/nsc/v2.4.0/nrfxlib/crypto/nrf_cc310_platform/lib/cortex-m4/soft-float/no-interrupts/libnrf_cc310_platform_0.9.17.a(nrf_cc3xx_platform_mutex.c.obj)
 *fill*         0x00000000000153ce        0x2 
 .rodata.mutex_init.str1.4
                0x00000000000153d0       0x23 D:/nRF/nsc/v2.4.0/nrfxlib/crypto/nrf_cc310_platform/lib/cortex-m4/soft-float/no-interrupts/libnrf_cc310_platform_0.9.17.a(nrf_cc3xx_platform_mutex.c.obj)
 *fill*         0x00000000000153f3        0x1 
 .rodata.CC_PalPowerSaveModeInit.str1.4
                0x00000000000153f4       0x20 D:/nRF/nsc/v2.4.0/nrfxlib/crypto/nrf_cc310_platform/lib/cortex-m4/soft-float/no-interrupts/libnrf_cc310_platform_0.9.17.a(cc_pal_pm.c.obj)
 .rodata.main.str1.1
                0x0000000000015414       0x25 app/libapp.a(main.c.obj)
 .rodata.str1.1
                0x0000000000015439       0x11 zephyr/libzephyr.a(cbprintf_packaged.c.obj)
 .rodata.z_cbvprintf_impl.str1.1
                0x000000000001544a        0x6 zephyr/libzephyr.a(cbprintf_complete.c.obj)
 .rodata.sys_reboot.str1.1
                0x0000000000015450       0x29 zephyr/libzephyr.a(reboot.c.obj)
 .rodata.str1.1
                0x0000000000015479        0x3 zephyr/libzephyr.a(pm.c.obj)
 .rodata.mutex_free_platform.str1.1
                0x000000000001547c       0x26 zephyr/libzephyr.a(nrf_cc3xx_platform_mutex_zephyr.c.obj)
 .rodata.mutex_init_platform.str1.1
                0x00000000000154a2       0x2d zephyr/libzephyr.a(nrf_cc3xx_platform_mutex_zephyr.c.obj)
 .rodata.str1.1
                0x00000000000154cf        0x4 zephyr/arch/arch/arm/core/aarch32/mpu/libarch__arm__core__aarch32__mpu.a(arm_core_mpu.c.obj)
 .rodata.str1.1
                0x00000000000154d3        0xf zephyr/soc/arm/common/cortex_m/libsoc__arm__common__cortex_m.a(arm_mpu_regions.c.obj)
 .rodata.str1.1
                0x00000000000154e2        0x4 zephyr/soc/arm/nordic_nrf/nrf52/libsoc__arm__nordic_nrf__nrf52.a(soc.c.obj)
 .rodata.str1.1
                0x00000000000154e6       0x1d zephyr/drivers/clock_control/libdrivers__clock_control.a(clock_control_nrf.c.obj)
 .rodata.str1.1
                0x0000000000015503       0x1c zephyr/drivers/gpio/libdrivers__gpio.a(gpio_nrfx.c.obj)
 .rodata.str1.1
                0x000000000001551f        0xe zephyr/drivers/serial/libdrivers__serial.a(uart_nrfx_uart.c.obj)
 .rodata.str1.1
                0x000000000001552d        0xc modules/nrf/lib/fatal_error/lib..__nrf__lib__fatal_error.a(fatal_error.c.obj)
 .rodata.CSWTCH.14
                0x0000000000015539        0x6 modules/hal_nordic/nrfx/libmodules__hal_nordic__nrfx.a(system_nrf52840.c.obj)
 .rodata.CSWTCH.5
                0x000000000001553f        0x6 modules/hal_nordic/nrfx/libmodules__hal_nordic__nrfx.a(system_nrf52840.c.obj)
 .rodata.str1.1
                0x0000000000015545        0xb modules/hal_nordic/nrfx/libmodules__hal_nordic__nrfx.a(nrfx_clock.c.obj)
 .rodata.str1.1
                0x0000000000015550        0xc modules/hal_nordic/nrfx/libmodules__hal_nordic__nrfx.a(nrfx_gpiote.c.obj)
 .rodata.z_cstart.str1.1
                0x000000000001555c        0x5 zephyr/kernel/libkernel.a(init.c.obj)
 .rodata.str1.1
                0x0000000000015561        0x3 zephyr/kernel/libkernel.a(init.c.obj)
 .rodata.boot_banner.str1.1
                0x0000000000015564       0x2e zephyr/kernel/libkernel.a(banner.c.obj)
 *(SORT_BY_ALIGNMENT(.gnu.linkonce.r.*))
                0x0000000000015594                . = ALIGN (0x4)
 *fill*         0x0000000000015592        0x2 
                0x0000000000015594                __rodata_region_end = .
                0x00000000000155a0                . = ALIGN (_region_min_align)
                0x0000000000018000                . = ALIGN ((0x1 << LOG2CEIL ((__rodata_region_end - ADDR (rom_start)))))
                0x0000000000018000                __rom_region_end = ((__rom_region_start + .) - ADDR (rom_start))

/DISCARD/
 *(SORT_BY_ALIGNMENT(.got.plt))
 *(SORT_BY_ALIGNMENT(.igot.plt))
 *(SORT_BY_ALIGNMENT(.got))
 *(SORT_BY_ALIGNMENT(.igot))
                0x0000000020000000                . = 0x20000000
                0x0000000020000000                . = ALIGN (_region_min_align)
                0x0000000020000000                _image_ram_start = .

.ramfunc        0x0000000020000000        0x0 load address 0x0000000000015594
                0x0000000020000000                . = ALIGN (_region_min_align)
                0x0000000020000000                . = ALIGN ((0x1 << LOG2CEIL (__ramfunc_size)))
                0x0000000020000000                __ramfunc_start = .
 *(SORT_BY_ALIGNMENT(.ramfunc))
 *(SORT_BY_ALIGNMENT(.ramfunc.*))
                0x0000000020000000                . = ALIGN (_region_min_align)
                0x0000000020000000                . = ALIGN ((0x1 << LOG2CEIL (__ramfunc_size)))
                0x0000000020000000                __ramfunc_end = .
                0x0000000000000000                __ramfunc_size = (__ramfunc_end - __ramfunc_start)
                0x0000000000015594                __ramfunc_load_start = LOADADDR (.ramfunc)

datas           0x0000000020000000      0x118 load address 0x0000000000015594
                0x0000000020000000                __data_region_start = .
                0x0000000020000000                __data_start = .
 *(SORT_BY_ALIGNMENT(.data))
 *(SORT_BY_ALIGNMENT(.data.*))
 .data._char_out
                0x0000000020000000        0x4 zephyr/libzephyr.a(printk.c.obj)
                0x0000000020000000                _char_out
 .data.max_latency_ticks
                0x0000000020000004        0x4 zephyr/libzephyr.a(policy.c.obj)
 .data.power_mutex
                0x0000000020000008        0x8 zephyr/libzephyr.a(nrf_cc3xx_platform_mutex_zephyr.c.obj)
 .data.rng_mutex
                0x0000000020000010        0x8 zephyr/libzephyr.a(nrf_cc3xx_platform_mutex_zephyr.c.obj)
 .data.asym_mutex
                0x0000000020000018        0x8 zephyr/libzephyr.a(nrf_cc3xx_platform_mutex_zephyr.c.obj)
 .data.sym_mutex
                0x0000000020000020        0x8 zephyr/libzephyr.a(nrf_cc3xx_platform_mutex_zephyr.c.obj)
 .data._stdout_hook
                0x0000000020000028        0x4 zephyr/lib/libc/minimal/liblib__libc__minimal.a(stdout_console.c.obj)
 .data.uart_nrfx_uart0_data
                0x000000002000002c        0x8 zephyr/drivers/serial/libdrivers__serial.a(uart_nrfx_uart.c.obj)
 .data.m_cb     0x0000000020000034       0x7c modules/hal_nordic/nrfx/libmodules__hal_nordic__nrfx.a(nrfx_gpiote.c.obj)
 .data.timeout_list
                0x00000000200000b0        0x8 zephyr/kernel/libkernel.a(timeout.c.obj)
 .data.platform_abort_apis
                0x00000000200000b8        0x8 D:/nRF/nsc/v2.4.0/nrfxlib/crypto/nrf_cc310_platform/lib/cortex-m4/soft-float/no-interrupts/libnrf_cc310_platform_0.9.17.a(nrf_cc3xx_platform_abort.c.obj)
                0x00000000200000b8                platform_abort_apis
 .data.platform_mutexes
                0x00000000200000c0       0x14 D:/nRF/nsc/v2.4.0/nrfxlib/crypto/nrf_cc310_platform/lib/cortex-m4/soft-float/no-interrupts/libnrf_cc310_platform_0.9.17.a(nrf_cc3xx_platform_mutex.c.obj)
                0x00000000200000c0                platform_mutexes
 .data.platform_mutex_apis
                0x00000000200000d4       0x10 D:/nRF/nsc/v2.4.0/nrfxlib/crypto/nrf_cc310_platform/lib/cortex-m4/soft-float/no-interrupts/libnrf_cc310_platform_0.9.17.a(nrf_cc3xx_platform_mutex.c.obj)
                0x00000000200000d4                platform_mutex_apis
 .data.power_mutex
                0x00000000200000e4        0x8 D:/nRF/nsc/v2.4.0/nrfxlib/crypto/nrf_cc310_platform/lib/cortex-m4/soft-float/no-interrupts/libnrf_cc310_platform_0.9.17.a(nrf_cc3xx_platform_mutex.c.obj)
 .data.rng_mutex
                0x00000000200000ec        0x8 D:/nRF/nsc/v2.4.0/nrfxlib/crypto/nrf_cc310_platform/lib/cortex-m4/soft-float/no-interrupts/libnrf_cc310_platform_0.9.17.a(nrf_cc3xx_platform_mutex.c.obj)
 .data.asym_mutex
                0x00000000200000f4        0x8 D:/nRF/nsc/v2.4.0/nrfxlib/crypto/nrf_cc310_platform/lib/cortex-m4/soft-float/no-interrupts/libnrf_cc310_platform_0.9.17.a(nrf_cc3xx_platform_mutex.c.obj)
 .data.sym_mutex
                0x00000000200000fc        0x8 D:/nRF/nsc/v2.4.0/nrfxlib/crypto/nrf_cc310_platform/lib/cortex-m4/soft-float/no-interrupts/libnrf_cc310_platform_0.9.17.a(nrf_cc3xx_platform_mutex.c.obj)
 .data.pCCRndCryptoMutex
                0x0000000020000104        0x4 D:/nRF/nsc/v2.4.0/nrfxlib/crypto/nrf_cc310_platform/lib/cortex-m4/soft-float/no-interrupts/libnrf_cc310_platform_0.9.17.a(cc_pal.c.obj)
                0x0000000020000104                pCCRndCryptoMutex
 .data.CCPowerMutex
                0x0000000020000108        0x4 D:/nRF/nsc/v2.4.0/nrfxlib/crypto/nrf_cc310_platform/lib/cortex-m4/soft-float/no-interrupts/libnrf_cc310_platform_0.9.17.a(cc_pal.c.obj)
                0x0000000020000108                CCPowerMutex
 .data.CCRndCryptoMutex
                0x000000002000010c        0x4 D:/nRF/nsc/v2.4.0/nrfxlib/crypto/nrf_cc310_platform/lib/cortex-m4/soft-float/no-interrupts/libnrf_cc310_platform_0.9.17.a(cc_pal.c.obj)
                0x000000002000010c                CCRndCryptoMutex
 .data.CCAsymCryptoMutex
                0x0000000020000110        0x4 D:/nRF/nsc/v2.4.0/nrfxlib/crypto/nrf_cc310_platform/lib/cortex-m4/soft-float/no-interrupts/libnrf_cc310_platform_0.9.17.a(cc_pal.c.obj)
                0x0000000020000110                CCAsymCryptoMutex
 .data.CCSymCryptoMutex
                0x0000000020000114        0x4 D:/nRF/nsc/v2.4.0/nrfxlib/crypto/nrf_cc310_platform/lib/cortex-m4/soft-float/no-interrupts/libnrf_cc310_platform_0.9.17.a(cc_pal.c.obj)
                0x0000000020000114                CCSymCryptoMutex
 *(SORT_BY_ALIGNMENT(.kernel.*))
                0x0000000020000118                __data_end = .
                0x0000000000000118                __data_size = (__data_end - __data_start)
                0x0000000000015594                __data_load_start = LOADADDR (datas)
                0x0000000000015594                __data_region_load_start = LOADADDR (datas)

device_states   0x0000000020000118        0x8 load address 0x00000000000156ac
                0x0000000020000118                __device_states_start = .
 *(SORT_BY_ALIGNMENT(.z_devstate))
 .z_devstate    0x0000000020000118        0x2 zephyr/drivers/clock_control/libdrivers__clock_control.a(clock_control_nrf.c.obj)
 .z_devstate    0x000000002000011a        0x4 zephyr/drivers/gpio/libdrivers__gpio.a(gpio_nrfx.c.obj)
 .z_devstate    0x000000002000011e        0x2 zephyr/drivers/serial/libdrivers__serial.a(uart_nrfx_uart.c.obj)
 *(SORT_BY_ALIGNMENT(.z_devstate.*))
                0x0000000020000120                __device_states_end = .

initshell       0x0000000020000120        0x0 load address 0x00000000000156b4
                0x0000000020000120                __shell_module_start = .
 *(SORT_BY_ALIGNMENT(.shell_module_*))
                0x0000000020000120                __shell_module_end = .
                0x0000000020000120                __shell_cmd_start = .
 *(SORT_BY_ALIGNMENT(.shell_cmd_*))
                0x0000000020000120                __shell_cmd_end = .

log_mpsc_pbuf_area
                0x0000000020000120        0x0 load address 0x00000000000156b4
                0x0000000020000120                _log_mpsc_pbuf_list_start = .
 *(SORT_BY_NAME(SORT_BY_ALIGNMENT(._log_mpsc_pbuf.static.*)))
                0x0000000020000120                _log_mpsc_pbuf_list_end = .

log_msg_ptr_area
                0x0000000020000120        0x0 load address 0x00000000000156b4
                0x0000000020000120                _log_msg_ptr_list_start = .
 *(SORT_BY_NAME(SORT_BY_ALIGNMENT(._log_msg_ptr.static.*)))
                0x0000000020000120                _log_msg_ptr_list_end = .

log_dynamic_sections
                0x0000000020000120        0x0 load address 0x00000000000156b4
                0x0000000020000120                __log_dynamic_start = .
 *(SORT_BY_NAME(SORT_BY_ALIGNMENT(.log_dynamic_*)))
                0x0000000020000120                __log_dynamic_end = .

k_timer_area    0x0000000020000120        0x0 load address 0x00000000000156b4
                0x0000000020000120                _k_timer_list_start = .
 *(SORT_BY_NAME(SORT_BY_ALIGNMENT(._k_timer.static.*)))
                0x0000000020000120                _k_timer_list_end = .

k_mem_slab_area
                0x0000000020000120        0x0 load address 0x00000000000156b4
                0x0000000020000120                _k_mem_slab_list_start = .
 *(SORT_BY_NAME(SORT_BY_ALIGNMENT(._k_mem_slab.static.*)))
                0x0000000020000120                _k_mem_slab_list_end = .

k_heap_area     0x0000000020000120        0x0 load address 0x00000000000156b4
                0x0000000020000120                _k_heap_list_start = .
 *(SORT_BY_NAME(SORT_BY_ALIGNMENT(._k_heap.static.*)))
                0x0000000020000120                _k_heap_list_end = .

k_mutex_area    0x0000000020000120       0x50 load address 0x00000000000156b4
                0x0000000020000120                _k_mutex_list_start = .
 *(SORT_BY_NAME(SORT_BY_ALIGNMENT(._k_mutex.static.*)))
 ._k_mutex.static.asym_mutex_int
                0x0000000020000120       0x14 zephyr/libzephyr.a(nrf_cc3xx_platform_mutex_zephyr.c.obj)
                0x0000000020000120                asym_mutex_int
 ._k_mutex.static.power_mutex_int
                0x0000000020000134       0x14 zephyr/libzephyr.a(nrf_cc3xx_platform_mutex_zephyr.c.obj)
                0x0000000020000134                power_mutex_int
 ._k_mutex.static.rng_mutex_int
                0x0000000020000148       0x14 zephyr/libzephyr.a(nrf_cc3xx_platform_mutex_zephyr.c.obj)
                0x0000000020000148                rng_mutex_int
 ._k_mutex.static.sym_mutex_int
                0x000000002000015c       0x14 zephyr/libzephyr.a(nrf_cc3xx_platform_mutex_zephyr.c.obj)
                0x000000002000015c                sym_mutex_int
                0x0000000020000170                _k_mutex_list_end = .

k_stack_area    0x0000000020000170        0x0 load address 0x0000000000015704
                0x0000000020000170                _k_stack_list_start = .
 *(SORT_BY_NAME(SORT_BY_ALIGNMENT(._k_stack.static.*)))
                0x0000000020000170                _k_stack_list_end = .

k_msgq_area     0x0000000020000170        0x0 load address 0x0000000000015704
                0x0000000020000170                _k_msgq_list_start = .
 *(SORT_BY_NAME(SORT_BY_ALIGNMENT(._k_msgq.static.*)))
                0x0000000020000170                _k_msgq_list_end = .

k_mbox_area     0x0000000020000170        0x0 load address 0x0000000000015704
                0x0000000020000170                _k_mbox_list_start = .
 *(SORT_BY_NAME(SORT_BY_ALIGNMENT(._k_mbox.static.*)))
                0x0000000020000170                _k_mbox_list_end = .

k_pipe_area     0x0000000020000170        0x0 load address 0x0000000000015704
                0x0000000020000170                _k_pipe_list_start = .
 *(SORT_BY_NAME(SORT_BY_ALIGNMENT(._k_pipe.static.*)))
                0x0000000020000170                _k_pipe_list_end = .

k_sem_area      0x0000000020000170        0x0 load address 0x0000000000015704
                0x0000000020000170                _k_sem_list_start = .
 *(SORT_BY_NAME(SORT_BY_ALIGNMENT(._k_sem.static.*)))
                0x0000000020000170                _k_sem_list_end = .

k_event_area    0x0000000020000170        0x0 load address 0x0000000000015704
                0x0000000020000170                _k_event_list_start = .
 *(SORT_BY_NAME(SORT_BY_ALIGNMENT(._k_event.static.*)))
                0x0000000020000170                _k_event_list_end = .

k_queue_area    0x0000000020000170        0x0 load address 0x0000000000015704
                0x0000000020000170                _k_queue_list_start = .
 *(SORT_BY_NAME(SORT_BY_ALIGNMENT(._k_queue.static.*)))
                0x0000000020000170                _k_queue_list_end = .

k_condvar_area  0x0000000020000170        0x0 load address 0x0000000000015704
                0x0000000020000170                _k_condvar_list_start = .
 *(SORT_BY_NAME(SORT_BY_ALIGNMENT(._k_condvar.static.*)))
                0x0000000020000170                _k_condvar_list_end = .

_net_buf_pool_area
                0x0000000020000170        0x0 load address 0x0000000000015704
                0x0000000020000170                _net_buf_pool_list = .
 *(SORT_BY_NAME(SORT_BY_ALIGNMENT(._net_buf_pool.static.*)))
                0x0000000020000170                __data_region_end = .

bss             0x0000000020000170      0x933
                0x0000000020000170                . = ALIGN (0x4)
                0x0000000020000170                __bss_start = .
                0x0000000020000170                __kernel_ram_start = .
 *(SORT_BY_ALIGNMENT(.bss))
 *(SORT_BY_ALIGNMENT(.bss.*))
 .bss.cc_data   0x0000000020000170       0x10 zephyr/drivers/timer/libdrivers__timer.a(nrf_rtc_timer.c.obj)
 .bss.last_count
                0x0000000020000180        0x8 zephyr/drivers/timer/libdrivers__timer.a(nrf_rtc_timer.c.obj)
 .bss.anchor    0x0000000020000188        0x8 zephyr/drivers/timer/libdrivers__timer.a(nrf_rtc_timer.c.obj)
 .bss.z_idle_threads
                0x0000000020000190       0x80 zephyr/kernel/libkernel.a(init.c.obj)
                0x0000000020000190                z_idle_threads
 .bss.z_main_thread
                0x0000000020000210       0x80 zephyr/kernel/libkernel.a(init.c.obj)
                0x0000000020000210                z_main_thread
 .bss.slice_timeouts
                0x0000000020000290       0x18 zephyr/kernel/libkernel.a(sched.c.obj)
 .bss.curr_tick
                0x00000000200002a8        0x8 zephyr/kernel/libkernel.a(timeout.c.obj)
 .bss.z_cpus_pm_forced_state
                0x00000000200002b0        0xc zephyr/libzephyr.a(pm.c.obj)
 .bss.z_cpus_pm_state
                0x00000000200002bc        0xc zephyr/libzephyr.a(pm.c.obj)
 .bss.pm_notifiers
                0x00000000200002c8        0x8 zephyr/libzephyr.a(pm.c.obj)
 .bss.z_post_ops_required
                0x00000000200002d0        0x4 zephyr/libzephyr.a(pm.c.obj)
 .bss.mutex_slab_buffer
                0x00000000200002d4      0x500 zephyr/libzephyr.a(nrf_cc3xx_platform_mutex_zephyr.c.obj)
                0x00000000200002d4                mutex_slab_buffer
 .bss.mutex_slab
                0x00000000200007d4       0x1c zephyr/libzephyr.a(nrf_cc3xx_platform_mutex_zephyr.c.obj)
                0x00000000200007d4                mutex_slab
 .bss.dynamic_regions.0
                0x00000000200007f0        0xc zephyr/arch/arch/arm/core/aarch32/mpu/libarch__arm__core__aarch32__mpu.a(arm_core_mpu.c.obj)
 .bss.cli.1     0x00000000200007fc       0x10 zephyr/drivers/clock_control/libdrivers__clock_control.a(clock_control_nrf.c.obj)
 .bss.on.2      0x000000002000080c        0x4 zephyr/drivers/clock_control/libdrivers__clock_control.a(clock_control_nrf.c.obj)
 .bss.data      0x0000000020000810       0x50 zephyr/drivers/clock_control/libdrivers__clock_control.a(clock_control_nrf.c.obj)
 .bss.hfclk_users
                0x0000000020000860        0x4 zephyr/drivers/clock_control/libdrivers__clock_control.a(clock_control_nrf.c.obj)
 .bss.gpio_nrfx_p1_data
                0x0000000020000864        0xc zephyr/drivers/gpio/libdrivers__gpio.a(gpio_nrfx.c.obj)
 .bss.gpio_nrfx_p0_data
                0x0000000020000870        0xc zephyr/drivers/gpio/libdrivers__gpio.a(gpio_nrfx.c.obj)
 .bss.poll_out_lock.0
                0x000000002000087c        0x4 zephyr/drivers/serial/libdrivers__serial.a(uart_nrfx_uart.c.obj)
 .bss.force_isr_mask
                0x0000000020000880        0x4 zephyr/drivers/timer/libdrivers__timer.a(nrf_rtc_timer.c.obj)
 .bss.int_mask  0x0000000020000884        0x4 zephyr/drivers/timer/libdrivers__timer.a(nrf_rtc_timer.c.obj)
 .bss.overflow_cnt
                0x0000000020000888        0x4 zephyr/drivers/timer/libdrivers__timer.a(nrf_rtc_timer.c.obj)
 .bss.m_clock_cb
                0x000000002000088c        0x8 modules/hal_nordic/nrfx/libmodules__hal_nordic__nrfx.a(nrfx_clock.c.obj)
 .bss._kernel   0x0000000020000894       0x24 zephyr/kernel/libkernel.a(init.c.obj)
                0x0000000020000894                _kernel
 .bss.pending_current
                0x00000000200008b8        0x4 zephyr/kernel/libkernel.a(sched.c.obj)
 .bss.slice_max_prio
                0x00000000200008bc        0x4 zephyr/kernel/libkernel.a(sched.c.obj)
 .bss.slice_ticks
                0x00000000200008c0        0x4 zephyr/kernel/libkernel.a(sched.c.obj)
 .bss.announce_remaining
                0x00000000200008c4        0x4 zephyr/kernel/libkernel.a(timeout.c.obj)
 .bss.nrf_cc3xx_platform_initialized
                0x00000000200008c8        0x4 D:/nRF/nsc/v2.4.0/nrfxlib/crypto/nrf_cc310_platform/lib/cortex-m4/soft-float/no-interrupts/libnrf_cc310_platform_0.9.17.a(nrf_cc3xx_platform.c.obj)
 .bss.power_mutex_int
                0x00000000200008cc        0x4 D:/nRF/nsc/v2.4.0/nrfxlib/crypto/nrf_cc310_platform/lib/cortex-m4/soft-float/no-interrupts/libnrf_cc310_platform_0.9.17.a(nrf_cc3xx_platform_mutex.c.obj)
 .bss.rng_mutex_int
                0x00000000200008d0        0x4 D:/nRF/nsc/v2.4.0/nrfxlib/crypto/nrf_cc310_platform/lib/cortex-m4/soft-float/no-interrupts/libnrf_cc310_platform_0.9.17.a(nrf_cc3xx_platform_mutex.c.obj)
 .bss.asym_mutex_int
                0x00000000200008d4        0x4 D:/nRF/nsc/v2.4.0/nrfxlib/crypto/nrf_cc310_platform/lib/cortex-m4/soft-float/no-interrupts/libnrf_cc310_platform_0.9.17.a(nrf_cc3xx_platform_mutex.c.obj)
 .bss.sym_mutex_int
                0x00000000200008d8        0x4 D:/nRF/nsc/v2.4.0/nrfxlib/crypto/nrf_cc310_platform/lib/cortex-m4/soft-float/no-interrupts/libnrf_cc310_platform_0.9.17.a(nrf_cc3xx_platform_mutex.c.obj)
 .bss.use_count
                0x00000000200008dc        0x4 D:/nRF/nsc/v2.4.0/nrfxlib/crypto/nrf_cc310_platform/lib/cortex-m4/soft-float/no-interrupts/libnrf_cc310_platform_0.9.17.a(cc_pal_pm.c.obj)
 .bss.nrf_cc3xx_platform_ctr_drbg_global_ctx
                0x00000000200008e0      0x1c0 D:/nRF/nsc/v2.4.0/nrfxlib/crypto/nrf_cc310_platform/lib/cortex-m4/soft-float/no-interrupts/libnrf_cc310_platform_0.9.17.a(nrf_cc3xx_platform_ctr_drbg.c.obj)
                0x00000000200008e0                nrf_cc3xx_platform_ctr_drbg_global_ctx
 .bss.static_regions_num
                0x0000000020000aa0        0x1 zephyr/arch/arch/arm/core/aarch32/mpu/libarch__arm__core__aarch32__mpu.a(arm_mpu.c.obj)
 .bss.z_sys_post_kernel
                0x0000000020000aa1        0x1 zephyr/kernel/libkernel.a(init.c.obj)
                0x0000000020000aa1                z_sys_post_kernel
 .bss.lock      0x0000000020000aa2        0x0 zephyr/kernel/libkernel.a(mutex.c.obj)
 .bss.lock      0x0000000020000aa2        0x0 zephyr/kernel/libkernel.a(sem.c.obj)
 .bss.slice_expired
                0x0000000020000aa2        0x1 zephyr/kernel/libkernel.a(sched.c.obj)
 .bss.sched_spinlock
                0x0000000020000aa3        0x0 zephyr/kernel/libkernel.a(sched.c.obj)
                0x0000000020000aa3                sched_spinlock
 *(SORT_BY_ALIGNMENT(COMMON))
 *(SORT_BY_ALIGNMENT(.kernel_bss.*))
                0x0000000020000aa4                __bss_end = ALIGN (0x4)

noinit          0x0000000020000ac0      0xe00
 *(SORT_BY_ALIGNMENT(.noinit))
 *(SORT_BY_ALIGNMENT(.noinit.*))
 .noinit."WEST_TOPDIR/zephyr/kernel/init.c".2
                0x0000000020000ac0      0x840 zephyr/kernel/libkernel.a(init.c.obj)
                0x0000000020000ac0                z_interrupt_stacks
 .noinit."WEST_TOPDIR/zephyr/kernel/init.c".1
                0x0000000020001300      0x180 zephyr/kernel/libkernel.a(init.c.obj)
 .noinit."WEST_TOPDIR/zephyr/kernel/init.c".0
                0x0000000020001480      0x440 zephyr/kernel/libkernel.a(init.c.obj)
                0x0000000020001480                z_main_stack
 *(SORT_BY_ALIGNMENT(.kernel_noinit.*))
                0x00000000200018c0                _image_ram_end = .
                0x00000000200018c0                _end = .
                0x0000000020040000                __kernel_ram_end = 0x20040000
                0x000000000003fe90                __kernel_ram_size = (__kernel_ram_end - __kernel_ram_start)

.intList        0x00000000fffff800       0x38
 *(SORT_BY_ALIGNMENT(.irq_info*))
 .irq_info      0x00000000fffff800        0x8 zephyr/arch/common/libisr_tables.a(isr_tables.c.obj)
                0x00000000fffff800                _iheader
 *(SORT_BY_ALIGNMENT(.intList*))
 .intList       0x00000000fffff808       0x10 zephyr/drivers/clock_control/libdrivers__clock_control.a(clock_control_nrf.c.obj)
 .intList       0x00000000fffff818       0x10 zephyr/drivers/gpio/libdrivers__gpio.a(gpio_nrfx.c.obj)
 .intList       0x00000000fffff828       0x10 zephyr/drivers/timer/libdrivers__timer.a(nrf_rtc_timer.c.obj)

.stab